Archive member included to satisfy reference by file (symbol)

c:/progra~1/stmicr~1/gcc-ar~1/bin/../lib/gcc/arm-none-eabi/10.3.1/../../../../arm-none-eabi/lib/thumb/v7-m/nofp\libg.a(lib_a-errno.o)
                              CMakeFiles/STM32_Project.elf.dir/Core/Src/syscalls.c.obj (__errno)
c:/progra~1/stmicr~1/gcc-ar~1/bin/../lib/gcc/arm-none-eabi/10.3.1/../../../../arm-none-eabi/lib/thumb/v7-m/nofp\libg.a(lib_a-exit.o)
                              c:/progra~1/stmicr~1/gcc-ar~1/bin/../lib/gcc/arm-none-eabi/10.3.1/../../../../arm-none-eabi/lib/thumb/v7-m/nofp/crt0.o (exit)
c:/progra~1/stmicr~1/gcc-ar~1/bin/../lib/gcc/arm-none-eabi/10.3.1/../../../../arm-none-eabi/lib/thumb/v7-m/nofp\libg.a(lib_a-impure.o)
                              c:/progra~1/stmicr~1/gcc-ar~1/bin/../lib/gcc/arm-none-eabi/10.3.1/../../../../arm-none-eabi/lib/thumb/v7-m/nofp\libg.a(lib_a-exit.o) (_global_impure_ptr)
c:/progra~1/stmicr~1/gcc-ar~1/bin/../lib/gcc/arm-none-eabi/10.3.1/../../../../arm-none-eabi/lib/thumb/v7-m/nofp\libg.a(lib_a-init.o)
                              c:/progra~1/stmicr~1/gcc-ar~1/bin/../lib/gcc/arm-none-eabi/10.3.1/../../../../arm-none-eabi/lib/thumb/v7-m/nofp/crt0.o (__libc_init_array)
c:/progra~1/stmicr~1/gcc-ar~1/bin/../lib/gcc/arm-none-eabi/10.3.1/../../../../arm-none-eabi/lib/thumb/v7-m/nofp\libg.a(lib_a-memset.o)
                              c:/progra~1/stmicr~1/gcc-ar~1/bin/../lib/gcc/arm-none-eabi/10.3.1/../../../../arm-none-eabi/lib/thumb/v7-m/nofp/crt0.o (memset)
c:/progra~1/stmicr~1/gcc-ar~1/bin/../lib/gcc/arm-none-eabi/10.3.1/../../../../arm-none-eabi/lib/thumb/v7-m/nofp\libg.a(lib_a-__call_atexit.o)
                              c:/progra~1/stmicr~1/gcc-ar~1/bin/../lib/gcc/arm-none-eabi/10.3.1/../../../../arm-none-eabi/lib/thumb/v7-m/nofp\libg.a(lib_a-exit.o) (__call_exitprocs)
c:/progra~1/stmicr~1/gcc-ar~1/bin/../lib/gcc/arm-none-eabi/10.3.1/../../../../arm-none-eabi/lib/thumb/v7-m/nofp\libg.a(lib_a-atexit.o)
                              c:/progra~1/stmicr~1/gcc-ar~1/bin/../lib/gcc/arm-none-eabi/10.3.1/../../../../arm-none-eabi/lib/thumb/v7-m/nofp\libg.a(lib_a-__call_atexit.o) (atexit)
c:/progra~1/stmicr~1/gcc-ar~1/bin/../lib/gcc/arm-none-eabi/10.3.1/../../../../arm-none-eabi/lib/thumb/v7-m/nofp\libg.a(lib_a-fini.o)
                              c:/progra~1/stmicr~1/gcc-ar~1/bin/../lib/gcc/arm-none-eabi/10.3.1/../../../../arm-none-eabi/lib/thumb/v7-m/nofp\libg.a(lib_a-__call_atexit.o) (__libc_fini_array)
c:/progra~1/stmicr~1/gcc-ar~1/bin/../lib/gcc/arm-none-eabi/10.3.1/../../../../arm-none-eabi/lib/thumb/v7-m/nofp\libg.a(lib_a-lock.o)
                              c:/progra~1/stmicr~1/gcc-ar~1/bin/../lib/gcc/arm-none-eabi/10.3.1/../../../../arm-none-eabi/lib/thumb/v7-m/nofp\libg.a(lib_a-__call_atexit.o) (__retarget_lock_acquire_recursive)
c:/progra~1/stmicr~1/gcc-ar~1/bin/../lib/gcc/arm-none-eabi/10.3.1/../../../../arm-none-eabi/lib/thumb/v7-m/nofp\libg.a(lib_a-__atexit.o)
                              c:/progra~1/stmicr~1/gcc-ar~1/bin/../lib/gcc/arm-none-eabi/10.3.1/../../../../arm-none-eabi/lib/thumb/v7-m/nofp\libg.a(lib_a-atexit.o) (__register_exitproc)

Discarded input sections

 .text          0x00000000        0x0 c:/progra~1/stmicr~1/gcc-ar~1/bin/../lib/gcc/arm-none-eabi/10.3.1/thumb/v7-m/nofp/crti.o
 .data          0x00000000        0x0 c:/progra~1/stmicr~1/gcc-ar~1/bin/../lib/gcc/arm-none-eabi/10.3.1/thumb/v7-m/nofp/crti.o
 .bss           0x00000000        0x0 c:/progra~1/stmicr~1/gcc-ar~1/bin/../lib/gcc/arm-none-eabi/10.3.1/thumb/v7-m/nofp/crti.o
 .data          0x00000000        0x4 c:/progra~1/stmicr~1/gcc-ar~1/bin/../lib/gcc/arm-none-eabi/10.3.1/thumb/v7-m/nofp/crtbegin.o
 .rodata        0x00000000       0x24 c:/progra~1/stmicr~1/gcc-ar~1/bin/../lib/gcc/arm-none-eabi/10.3.1/thumb/v7-m/nofp/crtbegin.o
 .text          0x00000000       0x7c c:/progra~1/stmicr~1/gcc-ar~1/bin/../lib/gcc/arm-none-eabi/10.3.1/../../../../arm-none-eabi/lib/thumb/v7-m/nofp/crt0.o
 .data          0x00000000        0x0 c:/progra~1/stmicr~1/gcc-ar~1/bin/../lib/gcc/arm-none-eabi/10.3.1/../../../../arm-none-eabi/lib/thumb/v7-m/nofp/crt0.o
 .bss           0x00000000        0x0 c:/progra~1/stmicr~1/gcc-ar~1/bin/../lib/gcc/arm-none-eabi/10.3.1/../../../../arm-none-eabi/lib/thumb/v7-m/nofp/crt0.o
 .ARM.extab     0x00000000        0x0 c:/progra~1/stmicr~1/gcc-ar~1/bin/../lib/gcc/arm-none-eabi/10.3.1/../../../../arm-none-eabi/lib/thumb/v7-m/nofp/crt0.o
 .ARM.exidx     0x00000000       0x10 c:/progra~1/stmicr~1/gcc-ar~1/bin/../lib/gcc/arm-none-eabi/10.3.1/../../../../arm-none-eabi/lib/thumb/v7-m/nofp/crt0.o
 .ARM.attributes
                0x00000000       0x1b c:/progra~1/stmicr~1/gcc-ar~1/bin/../lib/gcc/arm-none-eabi/10.3.1/../../../../arm-none-eabi/lib/thumb/v7-m/nofp/crt0.o
 .text          0x00000000        0x0 CMakeFiles/STM32_Project.elf.dir/Core/Src/gpio.c.obj
 .data          0x00000000        0x0 CMakeFiles/STM32_Project.elf.dir/Core/Src/gpio.c.obj
[...]
Memory Configuration

Name             Origin             Length             Attributes
RAM              0x20000000         0x00002800         xrw
FLASH            0x08000000         0x00008000         xr
*default*        0x00000000         0xffffffff

Linker script and memory map

LOAD c:/progra~1/stmicr~1/gcc-ar~1/bin/../lib/gcc/arm-none-eabi/10.3.1/thumb/v7-m/nofp/crti.o
LOAD c:/progra~1/stmicr~1/gcc-ar~1/bin/../lib/gcc/arm-none-eabi/10.3.1/thumb/v7-m/nofp/crtbegin.o
LOAD c:/progra~1/stmicr~1/gcc-ar~1/bin/../lib/gcc/arm-none-eabi/10.3.1/../../../../arm-none-eabi/lib/thumb/v7-m/nofp/crt0.o
LOAD CMakeFiles/STM32_Project.elf.dir/Core/Src/gpio.c.obj
LOAD CMakeFiles/STM32_Project.elf.dir/Core/Src/i2c.c.obj
LOAD CMakeFiles/STM32_Project.elf.dir/Core/Src/main.c.obj
LOAD CMakeFiles/STM32_Project.elf.dir/Core/Src/stm32f1xx_hal_msp.c.obj
LOAD CMakeFiles/STM32_Project.elf.dir/Core/Src/stm32f1xx_it.c.obj
LOAD CMakeFiles/STM32_Project.elf.dir/Core/Src/syscalls.c.obj
LOAD CMakeFiles/STM32_Project.elf.dir/Core/Src/sysmem.c.obj
LOAD CMakeFiles/STM32_Project.elf.dir/Core/Src/system_stm32f1xx.c.obj
LOAD CMakeFiles/STM32_Project.elf.dir/Core/Startup/startup_stm32f103c6tx.s.obj
LOAD CMakeFiles/STM32_Project.elf.dir/Drivers/DS18B20/ds18b20.c.obj
LOAD CMakeFiles/STM32_Project.elf.dir/Drivers/OLED/oled.c.obj
LOAD CMakeFiles/STM32_Project.elf.dir/Drivers/STM32F1xx_HAL_Driver/Src/stm32f1xx_hal.c.obj
LOAD CMakeFiles/STM32_Project.elf.dir/Drivers/STM32F1xx_HAL_Driver/Src/stm32f1xx_hal_cortex.c.obj
LOAD CMakeFiles/STM32_Project.elf.dir/Drivers/STM32F1xx_HAL_Driver/Src/stm32f1xx_hal_dma.c.obj
LOAD CMakeFiles/STM32_Project.elf.dir/Drivers/STM32F1xx_HAL_Driver/Src/stm32f1xx_hal_exti.c.obj
LOAD CMakeFiles/STM32_Project.elf.dir/Drivers/STM32F1xx_HAL_Driver/Src/stm32f1xx_hal_flash.c.obj
LOAD CMakeFiles/STM32_Project.elf.dir/Drivers/STM32F1xx_HAL_Driver/Src/stm32f1xx_hal_flash_ex.c.obj
LOAD CMakeFiles/STM32_Project.elf.dir/Drivers/STM32F1xx_HAL_Driver/Src/stm32f1xx_hal_gpio.c.obj
LOAD CMakeFiles/STM32_Project.elf.dir/Drivers/STM32F1xx_HAL_Driver/Src/stm32f1xx_hal_gpio_ex.c.obj
LOAD CMakeFiles/STM32_Project.elf.dir/Drivers/STM32F1xx_HAL_Driver/Src/stm32f1xx_hal_i2c.c.obj
LOAD CMakeFiles/STM32_Project.elf.dir/Drivers/STM32F1xx_HAL_Driver/Src/stm32f1xx_hal_pcd.c.obj
LOAD CMakeFiles/STM32_Project.elf.dir/Drivers/STM32F1xx_HAL_Driver/Src/stm32f1xx_hal_pcd_ex.c.obj
LOAD CMakeFiles/STM32_Project.elf.dir/Drivers/STM32F1xx_HAL_Driver/Src/stm32f1xx_hal_pwr.c.obj
LOAD CMakeFiles/STM32_Project.elf.dir/Drivers/STM32F1xx_HAL_Driver/Src/stm32f1xx_hal_rcc.c.obj
LOAD CMakeFiles/STM32_Project.elf.dir/Drivers/STM32F1xx_HAL_Driver/Src/stm32f1xx_hal_rcc_ex.c.obj
LOAD CMakeFiles/STM32_Project.elf.dir/Drivers/STM32F1xx_HAL_Driver/Src/stm32f1xx_hal_tim.c.obj
LOAD CMakeFiles/STM32_Project.elf.dir/Drivers/STM32F1xx_HAL_Driver/Src/stm32f1xx_hal_tim_ex.c.obj
LOAD CMakeFiles/STM32_Project.elf.dir/Drivers/STM32F1xx_HAL_Driver/Src/stm32f1xx_ll_usb.c.obj
LOAD CMakeFiles/STM32_Project.elf.dir/Middlewares/ST/STM32_USB_Device_Library/Class/CDC/Src/usbd_cdc.c.obj
LOAD CMakeFiles/STM32_Project.elf.dir/Middlewares/ST/STM32_USB_Device_Library/Core/Src/usbd_core.c.obj
LOAD CMakeFiles/STM32_Project.elf.dir/Middlewares/ST/STM32_USB_Device_Library/Core/Src/usbd_ctlreq.c.obj
LOAD CMakeFiles/STM32_Project.elf.dir/Middlewares/ST/STM32_USB_Device_Library/Core/Src/usbd_ioreq.c.obj
LOAD CMakeFiles/STM32_Project.elf.dir/USB_DEVICE/App/usb_device.c.obj
LOAD CMakeFiles/STM32_Project.elf.dir/USB_DEVICE/App/usbd_cdc_if.c.obj
LOAD CMakeFiles/STM32_Project.elf.dir/USB_DEVICE/App/usbd_desc.c.obj
LOAD CMakeFiles/STM32_Project.elf.dir/USB_DEVICE/Target/usbd_conf.c.obj
START GROUP
LOAD c:/progra~1/stmicr~1/gcc-ar~1/bin/../lib/gcc/arm-none-eabi/10.3.1/thumb/v7-m/nofp\libgcc.a
LOAD c:/progra~1/stmicr~1/gcc-ar~1/bin/../lib/gcc/arm-none-eabi/10.3.1/../../../../arm-none-eabi/lib/thumb/v7-m/nofp\libg.a
LOAD c:/progra~1/stmicr~1/gcc-ar~1/bin/../lib/gcc/arm-none-eabi/10.3.1/../../../../arm-none-eabi/lib/thumb/v7-m/nofp\libc.a
END GROUP
LOAD c:/progra~1/stmicr~1/gcc-ar~1/bin/../lib/gcc/arm-none-eabi/10.3.1/thumb/v7-m/nofp/crtend.o
LOAD c:/progra~1/stmicr~1/gcc-ar~1/bin/../lib/gcc/arm-none-eabi/10.3.1/thumb/v7-m/nofp/crtn.o
                0x20002800                _estack = (ORIGIN (RAM) + LENGTH (RAM))
                0x00000200                _Min_Heap_Size = 0x200
                0x00000400                _Min_Stack_Size = 0x400

.isr_vector     0x08000000      0x10c
                0x08000000                . = ALIGN (0x4)
 *(.isr_vector)
 .isr_vector    0x08000000      0x10c CMakeFiles/STM32_Project.elf.dir/Core/Startup/startup_stm32f103c6tx.s.obj
                0x08000000                g_pfnVectors
                0x0800010c                . = ALIGN (0x4)

.text           0x0800010c     0x4900
                0x0800010c                . = ALIGN (0x4)
 *(.text)
 .text          0x0800010c       0x40 c:/progra~1/stmicr~1/gcc-ar~1/bin/../lib/gcc/arm-none-eabi/10.3.1/thumb/v7-m/nofp/crtbegin.o
 *(.text*)
 .text.MX_GPIO_Init
                0x0800014c       0xac CMakeFiles/STM32_Project.elf.dir/Core/Src/gpio.c.obj
                0x0800014c                MX_GPIO_Init
 .text.MX_I2C1_Init
                0x080001f8       0x3c CMakeFiles/STM32_Project.elf.dir/Core/Src/i2c.c.obj
                0x080001f8                MX_I2C1_Init
 .text.HAL_I2C_MspInit
                0x08000234       0x68 CMakeFiles/STM32_Project.elf.dir/Core/Src/i2c.c.obj
                0x08000234                HAL_I2C_MspInit
 .text.Error_Handler
                0x0800029c       0x18 CMakeFiles/STM32_Project.elf.dir/Core/Src/main.c.obj
                0x0800029c                Error_Handler
 .text.SystemClock_Config
                0x080002b4       0x86 CMakeFiles/STM32_Project.elf.dir/Core/Src/main.c.obj
                0x080002b4                SystemClock_Config
 *fill*         0x0800033a        0x2 
 .text.main     0x0800033c       0x60 CMakeFiles/STM32_Project.elf.dir/Core/Src/main.c.obj
                0x0800033c                main
 .text.HAL_MspInit
                0x0800039c       0x44 CMakeFiles/STM32_Project.elf.dir/Core/Src/stm32f1xx_hal_msp.c.obj
                0x0800039c                HAL_MspInit
 .text.NMI_Handler
                0x080003e0        0x2 CMakeFiles/STM32_Project.elf.dir/Core/Src/stm32f1xx_it.c.obj
                0x080003e0                NMI_Handler
 .text.HardFault_Handler
                0x080003e2        0x2 CMakeFiles/STM32_Project.elf.dir/Core/Src/stm32f1xx_it.c.obj
                0x080003e2                HardFault_Handler
 .text.MemManage_Handler
                0x080003e4        0x2 CMakeFiles/STM32_Project.elf.dir/Core/Src/stm32f1xx_it.c.obj
                0x080003e4                MemManage_Handler
 .text.BusFault_Handler
                0x080003e6        0x2 CMakeFiles/STM32_Project.elf.dir/Core/Src/stm32f1xx_it.c.obj
                0x080003e6                BusFault_Handler
 .text.UsageFault_Handler
                0x080003e8        0x2 CMakeFiles/STM32_Project.elf.dir/Core/Src/stm32f1xx_it.c.obj
                0x080003e8                UsageFault_Handler
 .text.SVC_Handler
                0x080003ea        0x2 CMakeFiles/STM32_Project.elf.dir/Core/Src/stm32f1xx_it.c.obj
                0x080003ea                SVC_Handler
 .text.DebugMon_Handler
                0x080003ec        0x2 CMakeFiles/STM32_Project.elf.dir/Core/Src/stm32f1xx_it.c.obj
                0x080003ec                DebugMon_Handler
 .text.PendSV_Handler
                0x080003ee        0x2 CMakeFiles/STM32_Project.elf.dir/Core/Src/stm32f1xx_it.c.obj
                0x080003ee                PendSV_Handler
 .text.SysTick_Handler
                0x080003f0        0x8 CMakeFiles/STM32_Project.elf.dir/Core/Src/stm32f1xx_it.c.obj
                0x080003f0                SysTick_Handler
 .text.USB_LP_CAN1_RX0_IRQHandler
                0x080003f8       0x10 CMakeFiles/STM32_Project.elf.dir/Core/Src/stm32f1xx_it.c.obj
                0x080003f8                USB_LP_CAN1_RX0_IRQHandler
 .text.SystemInit
                0x08000408        0x2 CMakeFiles/STM32_Project.elf.dir/Core/Src/system_stm32f1xx.c.obj
                0x08000408                SystemInit
 *fill*         0x0800040a        0x2 
 .text.Reset_Handler
                0x0800040c       0x48 CMakeFiles/STM32_Project.elf.dir/Core/Startup/startup_stm32f103c6tx.s.obj
                0x0800040c                Reset_Handler
 .text.Default_Handler
                0x08000454        0x2 CMakeFiles/STM32_Project.elf.dir/Core/Startup/startup_stm32f103c6tx.s.obj
                0x08000454                RTC_Alarm_IRQHandler
                0x08000454                EXTI2_IRQHandler
                0x08000454                TIM1_CC_IRQHandler
                0x08000454                PVD_IRQHandler
                0x08000454                EXTI3_IRQHandler
                0x08000454                EXTI0_IRQHandler
                0x08000454                ADC1_2_IRQHandler
                0x08000454                SPI1_IRQHandler
                0x08000454                TAMPER_IRQHandler
                0x08000454                DMA1_Channel4_IRQHandler
                0x08000454                RTC_IRQHandler
                0x08000454                DMA1_Channel7_IRQHandler
                0x08000454                CAN1_RX1_IRQHandler
                0x08000454                I2C1_EV_IRQHandler
                0x08000454                DMA1_Channel6_IRQHandler
                0x08000454                TIM3_IRQHandler
                0x08000454                RCC_IRQHandler
                0x08000454                TIM1_TRG_COM_IRQHandler
                0x08000454                DMA1_Channel1_IRQHandler
                0x08000454                Default_Handler
                0x08000454                EXTI15_10_IRQHandler
                0x08000454                EXTI9_5_IRQHandler
                0x08000454                DMA1_Channel5_IRQHandler
                0x08000454                EXTI4_IRQHandler
                0x08000454                USB_HP_CAN1_TX_IRQHandler
                0x08000454                DMA1_Channel3_IRQHandler
                0x08000454                TIM1_UP_IRQHandler
                0x08000454                WWDG_IRQHandler
                0x08000454                TIM2_IRQHandler
                0x08000454                TIM1_BRK_IRQHandler
                0x08000454                EXTI1_IRQHandler
                0x08000454                USART2_IRQHandler
                0x08000454                DMA1_Channel2_IRQHandler
                0x08000454                CAN1_SCE_IRQHandler
                0x08000454                FLASH_IRQHandler
                0x08000454                USART1_IRQHandler
                0x08000454                I2C1_ER_IRQHandler
                0x08000454                USBWakeUp_IRQHandler
 *fill*         0x08000456        0x2 
 .text.OLED_Write_Cmd
                0x08000458       0x2c CMakeFiles/STM32_Project.elf.dir/Drivers/OLED/oled.c.obj
 .text.OLED_Write_Data
                0x08000484       0x28 CMakeFiles/STM32_Project.elf.dir/Drivers/OLED/oled.c.obj
 .text.OLED_Refresh
                0x080004ac       0x38 CMakeFiles/STM32_Project.elf.dir/Drivers/OLED/oled.c.obj
                0x080004ac                OLED_Refresh
 .text.OLED_Clear
                0x080004e4       0x2c CMakeFiles/STM32_Project.elf.dir/Drivers/OLED/oled.c.obj
                0x080004e4                OLED_Clear
 .text.OLED_Init
                0x08000510       0xa4 CMakeFiles/STM32_Project.elf.dir/Drivers/OLED/oled.c.obj
                0x08000510                OLED_Init
 .text.OLED_Route_180
                0x080005b4       0x20 CMakeFiles/STM32_Project.elf.dir/Drivers/OLED/oled.c.obj
                0x080005b4                OLED_Route_180
 .text.OLED_Draw_Point
                0x080005d4       0x34 CMakeFiles/STM32_Project.elf.dir/Drivers/OLED/oled.c.obj
                0x080005d4                OLED_Draw_Point
 .text.OLED_Show_Char
                0x08000608       0xd0 CMakeFiles/STM32_Project.elf.dir/Drivers/OLED/oled.c.obj
                0x08000608                OLED_Show_Char
 .text.OLED_Show_String
                0x080006d8       0x4c CMakeFiles/STM32_Project.elf.dir/Drivers/OLED/oled.c.obj
                0x080006d8                OLED_Show_String
 .text.HAL_InitTick
                0x08000724       0x4c CMakeFiles/STM32_Project.elf.dir/Drivers/STM32F1xx_HAL_Driver/Src/stm32f1xx_hal.c.obj
                0x08000724                HAL_InitTick
 .text.HAL_Init
                0x08000770       0x24 CMakeFiles/STM32_Project.elf.dir/Drivers/STM32F1xx_HAL_Driver/Src/stm32f1xx_hal.c.obj
                0x08000770                HAL_Init
 .text.HAL_IncTick
                0x08000794       0x18 CMakeFiles/STM32_Project.elf.dir/Drivers/STM32F1xx_HAL_Driver/Src/stm32f1xx_hal.c.obj
                0x08000794                HAL_IncTick
 .text.HAL_GetTick
                0x080007ac        0xc CMakeFiles/STM32_Project.elf.dir/Drivers/STM32F1xx_HAL_Driver/Src/stm32f1xx_hal.c.obj
                0x080007ac                HAL_GetTick
 .text.HAL_Delay
                0x080007b8       0x28 CMakeFiles/STM32_Project.elf.dir/Drivers/STM32F1xx_HAL_Driver/Src/stm32f1xx_hal.c.obj
                0x080007b8                HAL_Delay
 .text.HAL_NVIC_SetPriorityGrouping
                0x080007e0       0x24 CMakeFiles/STM32_Project.elf.dir/Drivers/STM32F1xx_HAL_Driver/Src/stm32f1xx_hal_cortex.c.obj
                0x080007e0                HAL_NVIC_SetPriorityGrouping
 .text.HAL_NVIC_SetPriority
                0x08000804       0x70 CMakeFiles/STM32_Project.elf.dir/Drivers/STM32F1xx_HAL_Driver/Src/stm32f1xx_hal_cortex.c.obj
                0x08000804                HAL_NVIC_SetPriority
 .text.HAL_NVIC_EnableIRQ
                0x08000874       0x1c CMakeFiles/STM32_Project.elf.dir/Drivers/STM32F1xx_HAL_Driver/Src/stm32f1xx_hal_cortex.c.obj
                0x08000874                HAL_NVIC_EnableIRQ
 .text.HAL_SYSTICK_Config
                0x08000890       0x28 CMakeFiles/STM32_Project.elf.dir/Drivers/STM32F1xx_HAL_Driver/Src/stm32f1xx_hal_cortex.c.obj
                0x08000890                HAL_SYSTICK_Config
 .text.HAL_GPIO_Init
                0x080008b8      0x220 CMakeFiles/STM32_Project.elf.dir/Drivers/STM32F1xx_HAL_Driver/Src/stm32f1xx_hal_gpio.c.obj
                0x080008b8                HAL_GPIO_Init
 .text.HAL_GPIO_WritePin
                0x08000ad8        0xc CMakeFiles/STM32_Project.elf.dir/Drivers/STM32F1xx_HAL_Driver/Src/stm32f1xx_hal_gpio.c.obj
                0x08000ad8                HAL_GPIO_WritePin
 .text.HAL_GPIO_TogglePin
                0x08000ae4       0x12 CMakeFiles/STM32_Project.elf.dir/Drivers/STM32F1xx_HAL_Driver/Src/stm32f1xx_hal_gpio.c.obj
                0x08000ae4                HAL_GPIO_TogglePin
 .text.I2C_IsAcknowledgeFailed
                0x08000af6       0x32 CMakeFiles/STM32_Project.elf.dir/Drivers/STM32F1xx_HAL_Driver/Src/stm32f1xx_hal_i2c.c.obj
 .text.I2C_WaitOnFlagUntilTimeout
                0x08000b28       0x7c CMakeFiles/STM32_Project.elf.dir/Drivers/STM32F1xx_HAL_Driver/Src/stm32f1xx_hal_i2c.c.obj
 .text.I2C_WaitOnMasterAddressFlagUntilTimeout
                0x08000ba4       0xaa CMakeFiles/STM32_Project.elf.dir/Drivers/STM32F1xx_HAL_Driver/Src/stm32f1xx_hal_i2c.c.obj
 .text.I2C_WaitOnTXEFlagUntilTimeout
                0x08000c4e       0x54 CMakeFiles/STM32_Project.elf.dir/Drivers/STM32F1xx_HAL_Driver/Src/stm32f1xx_hal_i2c.c.obj
 *fill*         0x08000ca2        0x2 
 .text.I2C_RequestMemoryWrite
                0x08000ca4       0xd8 CMakeFiles/STM32_Project.elf.dir/Drivers/STM32F1xx_HAL_Driver/Src/stm32f1xx_hal_i2c.c.obj
 .text.I2C_WaitOnBTFFlagUntilTimeout
                0x08000d7c       0x54 CMakeFiles/STM32_Project.elf.dir/Drivers/STM32F1xx_HAL_Driver/Src/stm32f1xx_hal_i2c.c.obj
 .text.HAL_I2C_Init
                0x08000dd0      0x1bc CMakeFiles/STM32_Project.elf.dir/Drivers/STM32F1xx_HAL_Driver/Src/stm32f1xx_hal_i2c.c.obj
                0x08000dd0                HAL_I2C_Init
 .text.HAL_I2C_Mem_Write
                0x08000f8c      0x164 CMakeFiles/STM32_Project.elf.dir/Drivers/STM32F1xx_HAL_Driver/Src/stm32f1xx_hal_i2c.c.obj
                0x08000f8c                HAL_I2C_Mem_Write
 .text.HAL_PCD_EP_DB_Receive
                0x080010f0      0x11c CMakeFiles/STM32_Project.elf.dir/Drivers/STM32F1xx_HAL_Driver/Src/stm32f1xx_hal_pcd.c.obj
 .text.HAL_PCD_Init
                0x0800120c      0x118 CMakeFiles/STM32_Project.elf.dir/Drivers/STM32F1xx_HAL_Driver/Src/stm32f1xx_hal_pcd.c.obj
                0x0800120c                HAL_PCD_Init
 .text.HAL_PCD_Start
                0x08001324       0x32 CMakeFiles/STM32_Project.elf.dir/Drivers/STM32F1xx_HAL_Driver/Src/stm32f1xx_hal_pcd.c.obj
                0x08001324                HAL_PCD_Start
 .text.HAL_PCD_EP_DB_Transmit
                0x08001356      0x420 CMakeFiles/STM32_Project.elf.dir/Drivers/STM32F1xx_HAL_Driver/Src/stm32f1xx_hal_pcd.c.obj
 .text.PCD_EP_ISR_Handler
                0x08001776      0x438 CMakeFiles/STM32_Project.elf.dir/Drivers/STM32F1xx_HAL_Driver/Src/stm32f1xx_hal_pcd.c.obj
 .text.HAL_PCD_SetAddress
                0x08001bae       0x28 CMakeFiles/STM32_Project.elf.dir/Drivers/STM32F1xx_HAL_Driver/Src/stm32f1xx_hal_pcd.c.obj
                0x08001bae                HAL_PCD_SetAddress
 .text.HAL_PCD_IRQHandler
                0x08001bd6      0x1d4 CMakeFiles/STM32_Project.elf.dir/Drivers/STM32F1xx_HAL_Driver/Src/stm32f1xx_hal_pcd.c.obj
                0x08001bd6                HAL_PCD_IRQHandler
 .text.HAL_PCD_EP_Open
                0x08001daa       0x84 CMakeFiles/STM32_Project.elf.dir/Drivers/STM32F1xx_HAL_Driver/Src/stm32f1xx_hal_pcd.c.obj
                0x08001daa                HAL_PCD_EP_Open
 .text.HAL_PCD_EP_Close
                0x08001e2e       0x64 CMakeFiles/STM32_Project.elf.dir/Drivers/STM32F1xx_HAL_Driver/Src/stm32f1xx_hal_pcd.c.obj
                0x08001e2e                HAL_PCD_EP_Close
 .text.HAL_PCD_EP_Receive
                0x08001e92       0x44 CMakeFiles/STM32_Project.elf.dir/Drivers/STM32F1xx_HAL_Driver/Src/stm32f1xx_hal_pcd.c.obj
                0x08001e92                HAL_PCD_EP_Receive
 .text.HAL_PCD_EP_GetRxCount
                0x08001ed6       0x12 CMakeFiles/STM32_Project.elf.dir/Drivers/STM32F1xx_HAL_Driver/Src/stm32f1xx_hal_pcd.c.obj
                0x08001ed6                HAL_PCD_EP_GetRxCount
 .text.HAL_PCD_EP_Transmit
                0x08001ee8       0x50 CMakeFiles/STM32_Project.elf.dir/Drivers/STM32F1xx_HAL_Driver/Src/stm32f1xx_hal_pcd.c.obj
                0x08001ee8                HAL_PCD_EP_Transmit
 .text.HAL_PCD_EP_SetStall
                0x08001f38       0x78 CMakeFiles/STM32_Project.elf.dir/Drivers/STM32F1xx_HAL_Driver/Src/stm32f1xx_hal_pcd.c.obj
                0x08001f38                HAL_PCD_EP_SetStall
 .text.HAL_PCD_EP_ClrStall
                0x08001fb0       0x76 CMakeFiles/STM32_Project.elf.dir/Drivers/STM32F1xx_HAL_Driver/Src/stm32f1xx_hal_pcd.c.obj
                0x08001fb0                HAL_PCD_EP_ClrStall
 .text.HAL_PCDEx_PMAConfig
                0x08002026       0x38 CMakeFiles/STM32_Project.elf.dir/Drivers/STM32F1xx_HAL_Driver/Src/stm32f1xx_hal_pcd_ex.c.obj
                0x08002026                HAL_PCDEx_PMAConfig
 *fill*         0x0800205e        0x2 
 .text.RCC_Delay
                0x08002060       0x2c CMakeFiles/STM32_Project.elf.dir/Drivers/STM32F1xx_HAL_Driver/Src/stm32f1xx_hal_rcc.c.obj
 .text.HAL_RCC_OscConfig
                0x0800208c      0x410 CMakeFiles/STM32_Project.elf.dir/Drivers/STM32F1xx_HAL_Driver/Src/stm32f1xx_hal_rcc.c.obj
                0x0800208c                HAL_RCC_OscConfig
 .text.HAL_RCC_GetSysClockFreq
                0x0800249c       0x70 CMakeFiles/STM32_Project.elf.dir/Drivers/STM32F1xx_HAL_Driver/Src/stm32f1xx_hal_rcc.c.obj
                0x0800249c                HAL_RCC_GetSysClockFreq
 .text.HAL_RCC_ClockConfig
                0x0800250c      0x16c CMakeFiles/STM32_Project.elf.dir/Drivers/STM32F1xx_HAL_Driver/Src/stm32f1xx_hal_rcc.c.obj
                0x0800250c                HAL_RCC_ClockConfig
 .text.HAL_RCC_GetHCLKFreq
                0x08002678        0xc CMakeFiles/STM32_Project.elf.dir/Drivers/STM32F1xx_HAL_Driver/Src/stm32f1xx_hal_rcc.c.obj
                0x08002678                HAL_RCC_GetHCLKFreq
 .text.HAL_RCC_GetPCLK1Freq
                0x08002684       0x20 CMakeFiles/STM32_Project.elf.dir/Drivers/STM32F1xx_HAL_Driver/Src/stm32f1xx_hal_rcc.c.obj
                0x08002684                HAL_RCC_GetPCLK1Freq
 .text.HAL_RCCEx_PeriphCLKConfig
                0x080026a4      0x118 CMakeFiles/STM32_Project.elf.dir/Drivers/STM32F1xx_HAL_Driver/Src/stm32f1xx_hal_rcc_ex.c.obj
                0x080026a4                HAL_RCCEx_PeriphCLKConfig
 .text.USB_CoreInit
                0x080027bc        0xe CMakeFiles/STM32_Project.elf.dir/Drivers/STM32F1xx_HAL_Driver/Src/stm32f1xx_ll_usb.c.obj
                0x080027bc                USB_CoreInit
 .text.USB_EnableGlobalInt
                0x080027ca       0x12 CMakeFiles/STM32_Project.elf.dir/Drivers/STM32F1xx_HAL_Driver/Src/stm32f1xx_ll_usb.c.obj
                0x080027ca                USB_EnableGlobalInt
 .text.USB_DisableGlobalInt
                0x080027dc       0x14 CMakeFiles/STM32_Project.elf.dir/Drivers/STM32F1xx_HAL_Driver/Src/stm32f1xx_ll_usb.c.obj
                0x080027dc                USB_DisableGlobalInt
 .text.USB_SetCurrentMode
                0x080027f0        0x4 CMakeFiles/STM32_Project.elf.dir/Drivers/STM32F1xx_HAL_Driver/Src/stm32f1xx_ll_usb.c.obj
                0x080027f0                USB_SetCurrentMode
 .text.USB_DevInit
                0x080027f4       0x22 CMakeFiles/STM32_Project.elf.dir/Drivers/STM32F1xx_HAL_Driver/Src/stm32f1xx_ll_usb.c.obj
                0x080027f4                USB_DevInit
 .text.USB_ActivateEndpoint
                0x08002816      0x378 CMakeFiles/STM32_Project.elf.dir/Drivers/STM32F1xx_HAL_Driver/Src/stm32f1xx_ll_usb.c.obj
                0x08002816                USB_ActivateEndpoint
 .text.USB_DeactivateEndpoint
                0x08002b8e      0x1d6 CMakeFiles/STM32_Project.elf.dir/Drivers/STM32F1xx_HAL_Driver/Src/stm32f1xx_ll_usb.c.obj
                0x08002b8e                USB_DeactivateEndpoint
 .text.USB_EPSetStall
                0x08002d64       0x4a CMakeFiles/STM32_Project.elf.dir/Drivers/STM32F1xx_HAL_Driver/Src/stm32f1xx_ll_usb.c.obj
                0x08002d64                USB_EPSetStall
 .text.USB_EPClearStall
                0x08002dae       0xa2 CMakeFiles/STM32_Project.elf.dir/Drivers/STM32F1xx_HAL_Driver/Src/stm32f1xx_ll_usb.c.obj
                0x08002dae                USB_EPClearStall
 .text.USB_SetDevAddress
                0x08002e50        0xc CMakeFiles/STM32_Project.elf.dir/Drivers/STM32F1xx_HAL_Driver/Src/stm32f1xx_ll_usb.c.obj
                0x08002e50                USB_SetDevAddress
 .text.USB_DevConnect
                0x08002e5c        0x4 CMakeFiles/STM32_Project.elf.dir/Drivers/STM32F1xx_HAL_Driver/Src/stm32f1xx_ll_usb.c.obj
                0x08002e5c                USB_DevConnect
 .text.USB_DevDisconnect
                0x08002e60        0x4 CMakeFiles/STM32_Project.elf.dir/Drivers/STM32F1xx_HAL_Driver/Src/stm32f1xx_ll_usb.c.obj
                0x08002e60                USB_DevDisconnect
 .text.USB_ReadInterrupts
                0x08002e64        0x8 CMakeFiles/STM32_Project.elf.dir/Drivers/STM32F1xx_HAL_Driver/Src/stm32f1xx_ll_usb.c.obj
                0x08002e64                USB_ReadInterrupts
 .text.USB_EP0_OutStart
                0x08002e6c        0x4 CMakeFiles/STM32_Project.elf.dir/Drivers/STM32F1xx_HAL_Driver/Src/stm32f1xx_ll_usb.c.obj
                0x08002e6c                USB_EP0_OutStart
 .text.USB_WritePMA
                0x08002e70       0x28 CMakeFiles/STM32_Project.elf.dir/Drivers/STM32F1xx_HAL_Driver/Src/stm32f1xx_ll_usb.c.obj
                0x08002e70                USB_WritePMA
 .text.USB_EPStartXfer
                0x08002e98      0x8b2 CMakeFiles/STM32_Project.elf.dir/Drivers/STM32F1xx_HAL_Driver/Src/stm32f1xx_ll_usb.c.obj
                0x08002e98                USB_EPStartXfer
 .text.USB_ReadPMA
                0x0800374a       0x30 CMakeFiles/STM32_Project.elf.dir/Drivers/STM32F1xx_HAL_Driver/Src/stm32f1xx_ll_usb.c.obj
                0x0800374a                USB_ReadPMA
 .text.USBD_CDC_EP0_RxReady
                0x0800377a       0x28 CMakeFiles/STM32_Project.elf.dir/Middlewares/ST/STM32_USB_Device_Library/Class/CDC/Src/usbd_cdc.c.obj
 *fill*         0x080037a2        0x2 
 .text.USBD_CDC_GetFSCfgDesc
                0x080037a4        0xc CMakeFiles/STM32_Project.elf.dir/Middlewares/ST/STM32_USB_Device_Library/Class/CDC/Src/usbd_cdc.c.obj
 .text.USBD_CDC_GetHSCfgDesc
                0x080037b0        0xc CMakeFiles/STM32_Project.elf.dir/Middlewares/ST/STM32_USB_Device_Library/Class/CDC/Src/usbd_cdc.c.obj
 .text.USBD_CDC_GetOtherSpeedCfgDesc
                0x080037bc        0xc CMakeFiles/STM32_Project.elf.dir/Middlewares/ST/STM32_USB_Device_Library/Class/CDC/Src/usbd_cdc.c.obj
 .text.USBD_CDC_GetDeviceQualifierDescriptor
                0x080037c8        0xc CMakeFiles/STM32_Project.elf.dir/Middlewares/ST/STM32_USB_Device_Library/Class/CDC/Src/usbd_cdc.c.obj
                0x080037c8                USBD_CDC_GetDeviceQualifierDescriptor
 .text.USBD_CDC_DataOut
                0x080037d4       0x2e CMakeFiles/STM32_Project.elf.dir/Middlewares/ST/STM32_USB_Device_Library/Class/CDC/Src/usbd_cdc.c.obj
 .text.USBD_CDC_DataIn
                0x08003802       0x4e CMakeFiles/STM32_Project.elf.dir/Middlewares/ST/STM32_USB_Device_Library/Class/CDC/Src/usbd_cdc.c.obj
 .text.USBD_CDC_Setup
                0x08003850       0xd6 CMakeFiles/STM32_Project.elf.dir/Middlewares/ST/STM32_USB_Device_Library/Class/CDC/Src/usbd_cdc.c.obj
 .text.USBD_CDC_DeInit
                0x08003926       0x42 CMakeFiles/STM32_Project.elf.dir/Middlewares/ST/STM32_USB_Device_Library/Class/CDC/Src/usbd_cdc.c.obj
 .text.USBD_CDC_Init
                0x08003968       0xaa CMakeFiles/STM32_Project.elf.dir/Middlewares/ST/STM32_USB_Device_Library/Class/CDC/Src/usbd_cdc.c.obj
 .text.USBD_CDC_RegisterInterface
                0x08003a12        0xe CMakeFiles/STM32_Project.elf.dir/Middlewares/ST/STM32_USB_Device_Library/Class/CDC/Src/usbd_cdc.c.obj
                0x08003a12                USBD_CDC_RegisterInterface
 .text.USBD_CDC_SetTxBuffer
                0x08003a20       0x10 CMakeFiles/STM32_Project.elf.dir/Middlewares/ST/STM32_USB_Device_Library/Class/CDC/Src/usbd_cdc.c.obj
                0x08003a20                USBD_CDC_SetTxBuffer
 .text.USBD_CDC_SetRxBuffer
                0x08003a30        0xc CMakeFiles/STM32_Project.elf.dir/Middlewares/ST/STM32_USB_Device_Library/Class/CDC/Src/usbd_cdc.c.obj
                0x08003a30                USBD_CDC_SetRxBuffer
 .text.USBD_CDC_ReceivePacket
                0x08003a3c       0x30 CMakeFiles/STM32_Project.elf.dir/Middlewares/ST/STM32_USB_Device_Library/Class/CDC/Src/usbd_cdc.c.obj
                0x08003a3c                USBD_CDC_ReceivePacket
 .text.USBD_Init
                0x08003a6c       0x2e CMakeFiles/STM32_Project.elf.dir/Middlewares/ST/STM32_USB_Device_Library/Core/Src/usbd_core.c.obj
                0x08003a6c                USBD_Init
 .text.USBD_RegisterClass
                0x08003a9a        0xe CMakeFiles/STM32_Project.elf.dir/Middlewares/ST/STM32_USB_Device_Library/Core/Src/usbd_core.c.obj
                0x08003a9a                USBD_RegisterClass
 .text.USBD_Start
                0x08003aa8        0xa CMakeFiles/STM32_Project.elf.dir/Middlewares/ST/STM32_USB_Device_Library/Core/Src/usbd_core.c.obj
                0x08003aa8                USBD_Start
 .text.USBD_SetClassConfig
                0x08003ab2       0x18 CMakeFiles/STM32_Project.elf.dir/Middlewares/ST/STM32_USB_Device_Library/Core/Src/usbd_core.c.obj
                0x08003ab2                USBD_SetClassConfig
 .text.USBD_ClrClassConfig
                0x08003aca        0xe CMakeFiles/STM32_Project.elf.dir/Middlewares/ST/STM32_USB_Device_Library/Core/Src/usbd_core.c.obj
                0x08003aca                USBD_ClrClassConfig
 .text.USBD_LL_SetupStage
                0x08003ad8       0x5a CMakeFiles/STM32_Project.elf.dir/Middlewares/ST/STM32_USB_Device_Library/Core/Src/usbd_core.c.obj
                0x08003ad8                USBD_LL_SetupStage
 .text.USBD_LL_DataOutStage
                0x08003b32       0x8c CMakeFiles/STM32_Project.elf.dir/Middlewares/ST/STM32_USB_Device_Library/Core/Src/usbd_core.c.obj
                0x08003b32                USBD_LL_DataOutStage
 .text.USBD_LL_DataInStage
                0x08003bbe       0xd0 CMakeFiles/STM32_Project.elf.dir/Middlewares/ST/STM32_USB_Device_Library/Core/Src/usbd_core.c.obj
                0x08003bbe                USBD_LL_DataInStage
 .text.USBD_LL_Reset
                0x08003c8e       0x50 CMakeFiles/STM32_Project.elf.dir/Middlewares/ST/STM32_USB_Device_Library/Core/Src/usbd_core.c.obj
                0x08003c8e                USBD_LL_Reset
 .text.USBD_LL_SetSpeed
                0x08003cde        0x6 CMakeFiles/STM32_Project.elf.dir/Middlewares/ST/STM32_USB_Device_Library/Core/Src/usbd_core.c.obj
                0x08003cde                USBD_LL_SetSpeed
 .text.USBD_LL_Suspend
                0x08003ce4       0x12 CMakeFiles/STM32_Project.elf.dir/Middlewares/ST/STM32_USB_Device_Library/Core/Src/usbd_core.c.obj
                0x08003ce4                USBD_LL_Suspend
 .text.USBD_LL_Resume
                0x08003cf6       0x16 CMakeFiles/STM32_Project.elf.dir/Middlewares/ST/STM32_USB_Device_Library/Core/Src/usbd_core.c.obj
                0x08003cf6                USBD_LL_Resume
 .text.USBD_LL_SOF
                0x08003d0c       0x1c CMakeFiles/STM32_Project.elf.dir/Middlewares/ST/STM32_USB_Device_Library/Core/Src/usbd_core.c.obj
                0x08003d0c                USBD_LL_SOF
 .text.USBD_GetLen
                0x08003d28       0x14 CMakeFiles/STM32_Project.elf.dir/Middlewares/ST/STM32_USB_Device_Library/Core/Src/usbd_ctlreq.c.obj
 .text.USBD_SetFeature
                0x08003d3c       0x14 CMakeFiles/STM32_Project.elf.dir/Middlewares/ST/STM32_USB_Device_Library/Core/Src/usbd_ctlreq.c.obj
 .text.USBD_ParseSetupRequest
                0x08003d50       0x28 CMakeFiles/STM32_Project.elf.dir/Middlewares/ST/STM32_USB_Device_Library/Core/Src/usbd_ctlreq.c.obj
                0x08003d50                USBD_ParseSetupRequest
 .text.USBD_CtlError
                0x08003d78       0x14 CMakeFiles/STM32_Project.elf.dir/Middlewares/ST/STM32_USB_Device_Library/Core/Src/usbd_ctlreq.c.obj
                0x08003d78                USBD_CtlError
 .text.USBD_GetDescriptor
                0x08003d8c      0x186 CMakeFiles/STM32_Project.elf.dir/Middlewares/ST/STM32_USB_Device_Library/Core/Src/usbd_ctlreq.c.obj
 .text.USBD_SetAddress
                0x08003f12       0x4e CMakeFiles/STM32_Project.elf.dir/Middlewares/ST/STM32_USB_Device_Library/Core/Src/usbd_ctlreq.c.obj
 .text.USBD_SetConfig
                0x08003f60       0xb0 CMakeFiles/STM32_Project.elf.dir/Middlewares/ST/STM32_USB_Device_Library/Core/Src/usbd_ctlreq.c.obj
 .text.USBD_GetConfig
                0x08004010       0x3e CMakeFiles/STM32_Project.elf.dir/Middlewares/ST/STM32_USB_Device_Library/Core/Src/usbd_ctlreq.c.obj
 .text.USBD_GetStatus
                0x0800404e       0x38 CMakeFiles/STM32_Project.elf.dir/Middlewares/ST/STM32_USB_Device_Library/Core/Src/usbd_ctlreq.c.obj
 .text.USBD_ClrFeature
                0x08004086       0x26 CMakeFiles/STM32_Project.elf.dir/Middlewares/ST/STM32_USB_Device_Library/Core/Src/usbd_ctlreq.c.obj
 .text.USBD_StdDevReq
                0x080040ac       0x68 CMakeFiles/STM32_Project.elf.dir/Middlewares/ST/STM32_USB_Device_Library/Core/Src/usbd_ctlreq.c.obj
                0x080040ac                USBD_StdDevReq
 .text.USBD_StdItfReq
                0x08004114       0x60 CMakeFiles/STM32_Project.elf.dir/Middlewares/ST/STM32_USB_Device_Library/Core/Src/usbd_ctlreq.c.obj
                0x08004114                USBD_StdItfReq
 .text.USBD_StdEPReq
                0x08004174      0x1e2 CMakeFiles/STM32_Project.elf.dir/Middlewares/ST/STM32_USB_Device_Library/Core/Src/usbd_ctlreq.c.obj
                0x08004174                USBD_StdEPReq
 .text.USBD_GetString
                0x08004356       0x3a CMakeFiles/STM32_Project.elf.dir/Middlewares/ST/STM32_USB_Device_Library/Core/Src/usbd_ctlreq.c.obj
                0x08004356                USBD_GetString
 .text.USBD_CtlSendData
                0x08004390       0x1a CMakeFiles/STM32_Project.elf.dir/Middlewares/ST/STM32_USB_Device_Library/Core/Src/usbd_ioreq.c.obj
                0x08004390                USBD_CtlSendData
 .text.USBD_CtlContinueSendData
                0x080043aa       0x10 CMakeFiles/STM32_Project.elf.dir/Middlewares/ST/STM32_USB_Device_Library/Core/Src/usbd_ioreq.c.obj
                0x080043aa                USBD_CtlContinueSendData
 .text.USBD_CtlPrepareRx
                0x080043ba       0x1e CMakeFiles/STM32_Project.elf.dir/Middlewares/ST/STM32_USB_Device_Library/Core/Src/usbd_ioreq.c.obj
                0x080043ba                USBD_CtlPrepareRx
 .text.USBD_CtlContinueRx
                0x080043d8       0x10 CMakeFiles/STM32_Project.elf.dir/Middlewares/ST/STM32_USB_Device_Library/Core/Src/usbd_ioreq.c.obj
                0x080043d8                USBD_CtlContinueRx
 .text.USBD_CtlSendStatus
                0x080043e8       0x16 CMakeFiles/STM32_Project.elf.dir/Middlewares/ST/STM32_USB_Device_Library/Core/Src/usbd_ioreq.c.obj
                0x080043e8                USBD_CtlSendStatus
 .text.USBD_CtlReceiveStatus
                0x080043fe       0x16 CMakeFiles/STM32_Project.elf.dir/Middlewares/ST/STM32_USB_Device_Library/Core/Src/usbd_ioreq.c.obj
                0x080043fe                USBD_CtlReceiveStatus
 .text.MX_USB_DEVICE_Init
                0x08004414       0x54 CMakeFiles/STM32_Project.elf.dir/USB_DEVICE/App/usb_device.c.obj
                0x08004414                MX_USB_DEVICE_Init
 .text.CDC_DeInit_FS
                0x08004468        0x4 CMakeFiles/STM32_Project.elf.dir/USB_DEVICE/App/usbd_cdc_if.c.obj
 .text.CDC_Control_FS
                0x0800446c        0x4 CMakeFiles/STM32_Project.elf.dir/USB_DEVICE/App/usbd_cdc_if.c.obj
 .text.CDC_Receive_FS
                0x08004470       0x1c CMakeFiles/STM32_Project.elf.dir/USB_DEVICE/App/usbd_cdc_if.c.obj
 .text.CDC_Init_FS
                0x0800448c       0x28 CMakeFiles/STM32_Project.elf.dir/USB_DEVICE/App/usbd_cdc_if.c.obj
 .text.USBD_FS_DeviceDescriptor
                0x080044b4        0xc CMakeFiles/STM32_Project.elf.dir/USB_DEVICE/App/usbd_desc.c.obj
                0x080044b4                USBD_FS_DeviceDescriptor
 .text.USBD_FS_LangIDStrDescriptor
                0x080044c0        0xc CMakeFiles/STM32_Project.elf.dir/USB_DEVICE/App/usbd_desc.c.obj
                0x080044c0                USBD_FS_LangIDStrDescriptor
 .text.IntToUnicode
                0x080044cc       0x46 CMakeFiles/STM32_Project.elf.dir/USB_DEVICE/App/usbd_desc.c.obj
 *fill*         0x08004512        0x2 
 .text.Get_SerialNum
                0x08004514       0x38 CMakeFiles/STM32_Project.elf.dir/USB_DEVICE/App/usbd_desc.c.obj
 .text.USBD_FS_SerialStrDescriptor
                0x0800454c       0x14 CMakeFiles/STM32_Project.elf.dir/USB_DEVICE/App/usbd_desc.c.obj
                0x0800454c                USBD_FS_SerialStrDescriptor
 .text.USBD_FS_ProductStrDescriptor
                0x08004560       0x24 CMakeFiles/STM32_Project.elf.dir/USB_DEVICE/App/usbd_desc.c.obj
                0x08004560                USBD_FS_ProductStrDescriptor
 .text.USBD_FS_ManufacturerStrDescriptor
                0x08004584       0x1c CMakeFiles/STM32_Project.elf.dir/USB_DEVICE/App/usbd_desc.c.obj
                0x08004584                USBD_FS_ManufacturerStrDescriptor
 .text.USBD_FS_ConfigStrDescriptor
                0x080045a0       0x24 CMakeFiles/STM32_Project.elf.dir/USB_DEVICE/App/usbd_desc.c.obj
                0x080045a0                USBD_FS_ConfigStrDescriptor
 .text.USBD_FS_InterfaceStrDescriptor
                0x080045c4       0x24 CMakeFiles/STM32_Project.elf.dir/USB_DEVICE/App/usbd_desc.c.obj
                0x080045c4                USBD_FS_InterfaceStrDescriptor
 .text.USBD_Get_USB_Status
                0x080045e8       0x14 CMakeFiles/STM32_Project.elf.dir/USB_DEVICE/Target/usbd_conf.c.obj
 .text.HAL_PCD_MspInit
                0x080045fc       0x40 CMakeFiles/STM32_Project.elf.dir/USB_DEVICE/Target/usbd_conf.c.obj
                0x080045fc                HAL_PCD_MspInit
 .text.HAL_PCD_SetupStageCallback
                0x0800463c       0x10 CMakeFiles/STM32_Project.elf.dir/USB_DEVICE/Target/usbd_conf.c.obj
                0x0800463c                HAL_PCD_SetupStageCallback
 .text.HAL_PCD_DataOutStageCallback
                0x0800464c       0x18 CMakeFiles/STM32_Project.elf.dir/USB_DEVICE/Target/usbd_conf.c.obj
                0x0800464c                HAL_PCD_DataOutStageCallback
 .text.HAL_PCD_DataInStageCallback
                0x08004664       0x16 CMakeFiles/STM32_Project.elf.dir/USB_DEVICE/Target/usbd_conf.c.obj
                0x08004664                HAL_PCD_DataInStageCallback
 .text.HAL_PCD_SOFCallback
                0x0800467a        0xc CMakeFiles/STM32_Project.elf.dir/USB_DEVICE/Target/usbd_conf.c.obj
                0x0800467a                HAL_PCD_SOFCallback
 .text.HAL_PCD_ResetCallback
                0x08004686       0x24 CMakeFiles/STM32_Project.elf.dir/USB_DEVICE/Target/usbd_conf.c.obj
                0x08004686                HAL_PCD_ResetCallback
 *fill*         0x080046aa        0x2 
 .text.HAL_PCD_SuspendCallback
                0x080046ac       0x20 CMakeFiles/STM32_Project.elf.dir/USB_DEVICE/Target/usbd_conf.c.obj
                0x080046ac                HAL_PCD_SuspendCallback
 .text.HAL_PCD_ResumeCallback
                0x080046cc        0xc CMakeFiles/STM32_Project.elf.dir/USB_DEVICE/Target/usbd_conf.c.obj
                0x080046cc                HAL_PCD_ResumeCallback
 .text.USBD_LL_Init
                0x080046d8       0x84 CMakeFiles/STM32_Project.elf.dir/USB_DEVICE/Target/usbd_conf.c.obj
                0x080046d8                USBD_LL_Init
 .text.USBD_LL_Start
                0x0800475c       0x10 CMakeFiles/STM32_Project.elf.dir/USB_DEVICE/Target/usbd_conf.c.obj
                0x0800475c                USBD_LL_Start
 .text.USBD_LL_OpenEP
                0x0800476c       0x16 CMakeFiles/STM32_Project.elf.dir/USB_DEVICE/Target/usbd_conf.c.obj
                0x0800476c                USBD_LL_OpenEP
 .text.USBD_LL_CloseEP
                0x08004782       0x10 CMakeFiles/STM32_Project.elf.dir/USB_DEVICE/Target/usbd_conf.c.obj
                0x08004782                USBD_LL_CloseEP
 .text.USBD_LL_StallEP
                0x08004792       0x10 CMakeFiles/STM32_Project.elf.dir/USB_DEVICE/Target/usbd_conf.c.obj
                0x08004792                USBD_LL_StallEP
 .text.USBD_LL_ClearStallEP
                0x080047a2       0x10 CMakeFiles/STM32_Project.elf.dir/USB_DEVICE/Target/usbd_conf.c.obj
                0x080047a2                USBD_LL_ClearStallEP
 .text.USBD_LL_IsStallEP
                0x080047b2       0x2e CMakeFiles/STM32_Project.elf.dir/USB_DEVICE/Target/usbd_conf.c.obj
                0x080047b2                USBD_LL_IsStallEP
 .text.USBD_LL_SetUSBAddress
                0x080047e0       0x10 CMakeFiles/STM32_Project.elf.dir/USB_DEVICE/Target/usbd_conf.c.obj
                0x080047e0                USBD_LL_SetUSBAddress
 .text.USBD_LL_Transmit
                0x080047f0       0x10 CMakeFiles/STM32_Project.elf.dir/USB_DEVICE/Target/usbd_conf.c.obj
                0x080047f0                USBD_LL_Transmit
 .text.USBD_LL_PrepareReceive
                0x08004800       0x10 CMakeFiles/STM32_Project.elf.dir/USB_DEVICE/Target/usbd_conf.c.obj
                0x08004800                USBD_LL_PrepareReceive
 .text.USBD_LL_GetRxDataSize
                0x08004810        0xc CMakeFiles/STM32_Project.elf.dir/USB_DEVICE/Target/usbd_conf.c.obj
                0x08004810                USBD_LL_GetRxDataSize
 .text.USBD_static_malloc
                0x0800481c        0x8 CMakeFiles/STM32_Project.elf.dir/USB_DEVICE/Target/usbd_conf.c.obj
                0x0800481c                USBD_static_malloc
 .text.USBD_static_free
                0x08004824        0x2 CMakeFiles/STM32_Project.elf.dir/USB_DEVICE/Target/usbd_conf.c.obj
                0x08004824                USBD_static_free
 .text.HAL_PCDEx_SetConnectionState
                0x08004826        0x2 CMakeFiles/STM32_Project.elf.dir/USB_DEVICE/Target/usbd_conf.c.obj
                0x08004826                HAL_PCDEx_SetConnectionState
 .text.__libc_init_array
                0x08004828       0x48 c:/progra~1/stmicr~1/gcc-ar~1/bin/../lib/gcc/arm-none-eabi/10.3.1/../../../../arm-none-eabi/lib/thumb/v7-m/nofp\libg.a(lib_a-init.o)
                0x08004828                __libc_init_array
 .text.memset   0x08004870       0xa4 c:/progra~1/stmicr~1/gcc-ar~1/bin/../lib/gcc/arm-none-eabi/10.3.1/../../../../arm-none-eabi/lib/thumb/v7-m/nofp\libg.a(lib_a-memset.o)
                0x08004870                memset
 .text.startup.register_fini
                0x08004914       0x14 c:/progra~1/stmicr~1/gcc-ar~1/bin/../lib/gcc/arm-none-eabi/10.3.1/../../../../arm-none-eabi/lib/thumb/v7-m/nofp\libg.a(lib_a-__call_atexit.o)
 .text.atexit   0x08004928        0xc c:/progra~1/stmicr~1/gcc-ar~1/bin/../lib/gcc/arm-none-eabi/10.3.1/../../../../arm-none-eabi/lib/thumb/v7-m/nofp\libg.a(lib_a-atexit.o)
                0x08004928                atexit
 .text.__libc_fini_array
                0x08004934       0x2c c:/progra~1/stmicr~1/gcc-ar~1/bin/../lib/gcc/arm-none-eabi/10.3.1/../../../../arm-none-eabi/lib/thumb/v7-m/nofp\libg.a(lib_a-fini.o)
                0x08004934                __libc_fini_array
 .text.__retarget_lock_acquire_recursive
                0x08004960        0x4 c:/progra~1/stmicr~1/gcc-ar~1/bin/../lib/gcc/arm-none-eabi/10.3.1/../../../../arm-none-eabi/lib/thumb/v7-m/nofp\libg.a(lib_a-lock.o)
                0x08004960                __retarget_lock_acquire_recursive
 .text.__retarget_lock_release_recursive
                0x08004964        0x4 c:/progra~1/stmicr~1/gcc-ar~1/bin/../lib/gcc/arm-none-eabi/10.3.1/../../../../arm-none-eabi/lib/thumb/v7-m/nofp\libg.a(lib_a-lock.o)
                0x08004964                __retarget_lock_release_recursive
 .text.__register_exitproc
                0x08004968       0x8c c:/progra~1/stmicr~1/gcc-ar~1/bin/../lib/gcc/arm-none-eabi/10.3.1/../../../../arm-none-eabi/lib/thumb/v7-m/nofp\libg.a(lib_a-__atexit.o)
                0x08004968                __register_exitproc
 *(.glue_7)
 .glue_7        0x080049f4        0x0 linker stubs
 *(.glue_7t)
 .glue_7t       0x080049f4        0x0 linker stubs
 *(.eh_frame)
 .eh_frame      0x080049f4        0x0 c:/progra~1/stmicr~1/gcc-ar~1/bin/../lib/gcc/arm-none-eabi/10.3.1/thumb/v7-m/nofp/crtbegin.o
 *(.init)
 .init          0x080049f4        0x4 c:/progra~1/stmicr~1/gcc-ar~1/bin/../lib/gcc/arm-none-eabi/10.3.1/thumb/v7-m/nofp/crti.o
                0x080049f4                _init
 .init          0x080049f8        0x8 c:/progra~1/stmicr~1/gcc-ar~1/bin/../lib/gcc/arm-none-eabi/10.3.1/thumb/v7-m/nofp/crtn.o
 *(.fini)
 .fini          0x08004a00        0x4 c:/progra~1/stmicr~1/gcc-ar~1/bin/../lib/gcc/arm-none-eabi/10.3.1/thumb/v7-m/nofp/crti.o
                0x08004a00                _fini
 .fini          0x08004a04        0x8 c:/progra~1/stmicr~1/gcc-ar~1/bin/../lib/gcc/arm-none-eabi/10.3.1/thumb/v7-m/nofp/crtn.o
                0x08004a0c                . = ALIGN (0x4)
                0x08004a0c                _etext = .

.vfp11_veneer   0x08004a0c        0x0
 .vfp11_veneer  0x08004a0c        0x0 linker stubs

.v4_bx          0x08004a0c        0x0
 .v4_bx         0x08004a0c        0x0 linker stubs

.iplt           0x08004a0c        0x0
 .iplt          0x08004a0c        0x0 c:/progra~1/stmicr~1/gcc-ar~1/bin/../lib/gcc/arm-none-eabi/10.3.1/thumb/v7-m/nofp/crtbegin.o

.rodata         0x08004a0c     0x1848
                0x08004a0c                . = ALIGN (0x4)
 *(.rodata)
 *(.rodata*)
 .rodata.main.str1.4
                0x08004a0c        0xd CMakeFiles/STM32_Project.elf.dir/Core/Src/main.c.obj
 *fill*         0x08004a19        0x3 
 .rodata.AHBPrescTable
                0x08004a1c       0x10 CMakeFiles/STM32_Project.elf.dir/Core/Src/system_stm32f1xx.c.obj
                0x08004a1c                AHBPrescTable
 .rodata.APBPrescTable
                0x08004a2c        0x8 CMakeFiles/STM32_Project.elf.dir/Core/Src/system_stm32f1xx.c.obj
                0x08004a2c                APBPrescTable
 .rodata.asc2_1206
                0x08004a34      0x474 CMakeFiles/STM32_Project.elf.dir/Drivers/OLED/oled.c.obj
                0x08004a34                asc2_1206
 .rodata.asc2_1608
                0x08004ea8      0x5f0 CMakeFiles/STM32_Project.elf.dir/Drivers/OLED/oled.c.obj
                0x08004ea8                asc2_1608
 .rodata.asc2_2412
                0x08005498      0xd5c CMakeFiles/STM32_Project.elf.dir/Drivers/OLED/oled.c.obj
                0x08005498                asc2_2412
 .rodata.HAL_RCC_GetSysClockFreq.str1.4
                0x080061f4       0x11 CMakeFiles/STM32_Project.elf.dir/Drivers/STM32F1xx_HAL_Driver/Src/stm32f1xx_hal_rcc.c.obj
 *fill*         0x08006205        0x3 
 .rodata.USBD_FS_ProductStrDescriptor.str1.4
                0x08006208       0x16 CMakeFiles/STM32_Project.elf.dir/USB_DEVICE/App/usbd_desc.c.obj
 *fill*         0x0800621e        0x2 
 .rodata.USBD_FS_ManufacturerStrDescriptor.str1.4
                0x08006220       0x13 CMakeFiles/STM32_Project.elf.dir/USB_DEVICE/App/usbd_desc.c.obj
 *fill*         0x08006233        0x1 
 .rodata.USBD_FS_ConfigStrDescriptor.str1.4
                0x08006234        0xb CMakeFiles/STM32_Project.elf.dir/USB_DEVICE/App/usbd_desc.c.obj
 *fill*         0x0800623f        0x1 
 .rodata.USBD_FS_InterfaceStrDescriptor.str1.4
                0x08006240        0xe CMakeFiles/STM32_Project.elf.dir/USB_DEVICE/App/usbd_desc.c.obj
 *fill*         0x0800624e        0x2 
 .rodata._global_impure_ptr
                0x08006250        0x4 c:/progra~1/stmicr~1/gcc-ar~1/bin/../lib/gcc/arm-none-eabi/10.3.1/../../../../arm-none-eabi/lib/thumb/v7-m/nofp\libg.a(lib_a-impure.o)
                0x08006250                _global_impure_ptr
                0x08006254                . = ALIGN (0x4)

.rel.dyn        0x08006254        0x0
 .rel.iplt      0x08006254        0x0 c:/progra~1/stmicr~1/gcc-ar~1/bin/../lib/gcc/arm-none-eabi/10.3.1/thumb/v7-m/nofp/crtbegin.o

.ARM.extab      0x08006254        0x0
                0x08006254                . = ALIGN (0x4)
 *(.ARM.extab* .gnu.linkonce.armextab.*)
                0x08006254                . = ALIGN (0x4)

.ARM            0x08006254        0x0
                0x08006254                . = ALIGN (0x4)
                0x08006254                __exidx_start = .
 *(.ARM.exidx*)
                0x08006254                __exidx_end = .
                0x08006254                . = ALIGN (0x4)

.preinit_array  0x08006254        0x0
                0x08006254                . = ALIGN (0x4)
                0x08006254                PROVIDE (__preinit_array_start = .)
 *(.preinit_array*)
                0x08006254                PROVIDE (__preinit_array_end = .)
                0x08006254                . = ALIGN (0x4)

.init_array     0x08006254        0x8
                0x08006254                . = ALIGN (0x4)
                0x08006254                PROVIDE (__init_array_start = .)
 *(SORT_BY_NAME(.init_array.*))
 .init_array.00000
                0x08006254        0x4 c:/progra~1/stmicr~1/gcc-ar~1/bin/../lib/gcc/arm-none-eabi/10.3.1/../../../../arm-none-eabi/lib/thumb/v7-m/nofp\libg.a(lib_a-__call_atexit.o)
 *(.init_array*)
 .init_array    0x08006258        0x4 c:/progra~1/stmicr~1/gcc-ar~1/bin/../lib/gcc/arm-none-eabi/10.3.1/thumb/v7-m/nofp/crtbegin.o
                0x0800625c                PROVIDE (__init_array_end = .)
                0x0800625c                . = ALIGN (0x4)

.fini_array     0x0800625c        0x4
                0x0800625c                . = ALIGN (0x4)
                0x0800625c                PROVIDE (__fini_array_start = .)
 *(SORT_BY_NAME(.fini_array.*))
 *(.fini_array*)
 .fini_array    0x0800625c        0x4 c:/progra~1/stmicr~1/gcc-ar~1/bin/../lib/gcc/arm-none-eabi/10.3.1/thumb/v7-m/nofp/crtbegin.o
                0x08006260                PROVIDE (__fini_array_end = .)
                0x08006260                . = ALIGN (0x4)
                0x08006260                _sidata = LOADADDR (.data)

.data           0x20000000      0x5ac load address 0x08006260
                0x20000000                . = ALIGN (0x4)
                0x20000000                _sdata = .
 *(.data)
 *(.data*)
 .data.SystemCoreClock
                0x20000000        0x4 CMakeFiles/STM32_Project.elf.dir/Core/Src/system_stm32f1xx.c.obj
                0x20000000                SystemCoreClock
 .data.uwTickFreq
                0x20000004        0x1 CMakeFiles/STM32_Project.elf.dir/Drivers/STM32F1xx_HAL_Driver/Src/stm32f1xx_hal.c.obj
                0x20000004                uwTickFreq
 *fill*         0x20000005        0x3 
 .data.uwTickPrio
                0x20000008        0x4 CMakeFiles/STM32_Project.elf.dir/Drivers/STM32F1xx_HAL_Driver/Src/stm32f1xx_hal.c.obj
                0x20000008                uwTickPrio
 .data.USBD_CDC
                0x2000000c       0x38 CMakeFiles/STM32_Project.elf.dir/Middlewares/ST/STM32_USB_Device_Library/Class/CDC/Src/usbd_cdc.c.obj
                0x2000000c                USBD_CDC
 .data.USBD_CDC_CfgFSDesc
                0x20000044       0x43 CMakeFiles/STM32_Project.elf.dir/Middlewares/ST/STM32_USB_Device_Library/Class/CDC/Src/usbd_cdc.c.obj
                0x20000044                USBD_CDC_CfgFSDesc
 *fill*         0x20000087        0x1 
 .data.USBD_CDC_CfgHSDesc
                0x20000088       0x43 CMakeFiles/STM32_Project.elf.dir/Middlewares/ST/STM32_USB_Device_Library/Class/CDC/Src/usbd_cdc.c.obj
                0x20000088                USBD_CDC_CfgHSDesc
 *fill*         0x200000cb        0x1 
 .data.USBD_CDC_DeviceQualifierDesc
                0x200000cc        0xa CMakeFiles/STM32_Project.elf.dir/Middlewares/ST/STM32_USB_Device_Library/Class/CDC/Src/usbd_cdc.c.obj
 *fill*         0x200000d6        0x2 
 .data.USBD_CDC_OtherSpeedCfgDesc
                0x200000d8       0x43 CMakeFiles/STM32_Project.elf.dir/Middlewares/ST/STM32_USB_Device_Library/Class/CDC/Src/usbd_cdc.c.obj
                0x200000d8                USBD_CDC_OtherSpeedCfgDesc
 *fill*         0x2000011b        0x1 
 .data.USBD_Interface_fops_FS
                0x2000011c       0x10 CMakeFiles/STM32_Project.elf.dir/USB_DEVICE/App/usbd_cdc_if.c.obj
                0x2000011c                USBD_Interface_fops_FS
 .data.FS_Desc  0x2000012c       0x1c CMakeFiles/STM32_Project.elf.dir/USB_DEVICE/App/usbd_desc.c.obj
                0x2000012c                FS_Desc
 .data.USBD_FS_DeviceDesc
                0x20000148       0x12 CMakeFiles/STM32_Project.elf.dir/USB_DEVICE/App/usbd_desc.c.obj
                0x20000148                USBD_FS_DeviceDesc
 *fill*         0x2000015a        0x2 
 .data.USBD_LangIDDesc
                0x2000015c        0x4 CMakeFiles/STM32_Project.elf.dir/USB_DEVICE/App/usbd_desc.c.obj
                0x2000015c                USBD_LangIDDesc
 .data.USBD_StringSerial
                0x20000160       0x1a CMakeFiles/STM32_Project.elf.dir/USB_DEVICE/App/usbd_desc.c.obj
                0x20000160                USBD_StringSerial
 *fill*         0x2000017a        0x6 
 .data.impure_data
                0x20000180      0x428 c:/progra~1/stmicr~1/gcc-ar~1/bin/../lib/gcc/arm-none-eabi/10.3.1/../../../../arm-none-eabi/lib/thumb/v7-m/nofp\libg.a(lib_a-impure.o)
 .data.__atexit_recursive_mutex
                0x200005a8        0x4 c:/progra~1/stmicr~1/gcc-ar~1/bin/../lib/gcc/arm-none-eabi/10.3.1/../../../../arm-none-eabi/lib/thumb/v7-m/nofp\libg.a(lib_a-__call_atexit.o)
                0x200005a8                __atexit_recursive_mutex
 *(.RamFunc)
 *(.RamFunc*)
                0x200005ac                . = ALIGN (0x4)
                0x200005ac                _edata = .

.igot.plt       0x200005ac        0x0 load address 0x0800680c
 .igot.plt      0x200005ac        0x0 c:/progra~1/stmicr~1/gcc-ar~1/bin/../lib/gcc/arm-none-eabi/10.3.1/thumb/v7-m/nofp/crtbegin.o
                0x200005ac                . = ALIGN (0x4)

.bss            0x200005ac     0x164c load address 0x0800680c
                0x200005ac                _sbss = .
                0x200005ac                __bss_start__ = _sbss
 *(.bss)
 .bss           0x200005ac       0x1c c:/progra~1/stmicr~1/gcc-ar~1/bin/../lib/gcc/arm-none-eabi/10.3.1/thumb/v7-m/nofp/crtbegin.o
 *(.bss*)
 .bss.hi2c1     0x200005c8       0x54 CMakeFiles/STM32_Project.elf.dir/Core/Src/i2c.c.obj
                0x200005c8                hi2c1
 .bss.OLED_GRAM
                0x2000061c      0x400 CMakeFiles/STM32_Project.elf.dir/Drivers/OLED/oled.c.obj
                0x2000061c                OLED_GRAM
 .bss.uwTick    0x20000a1c        0x4 CMakeFiles/STM32_Project.elf.dir/Drivers/STM32F1xx_HAL_Driver/Src/stm32f1xx_hal.c.obj
                0x20000a1c                uwTick
 .bss.cfgidx.0  0x20000a20        0x1 CMakeFiles/STM32_Project.elf.dir/Middlewares/ST/STM32_USB_Device_Library/Core/Src/usbd_ctlreq.c.obj
 *fill*         0x20000a21        0x3 
 .bss.hUsbDeviceFS
                0x20000a24      0x2c4 CMakeFiles/STM32_Project.elf.dir/USB_DEVICE/App/usb_device.c.obj
                0x20000a24                hUsbDeviceFS
 .bss.UserRxBufferFS
                0x20000ce8      0x400 CMakeFiles/STM32_Project.elf.dir/USB_DEVICE/App/usbd_cdc_if.c.obj
                0x20000ce8                UserRxBufferFS
 .bss.UserTxBufferFS
                0x200010e8      0x400 CMakeFiles/STM32_Project.elf.dir/USB_DEVICE/App/usbd_cdc_if.c.obj
                0x200010e8                UserTxBufferFS
 .bss.USBD_StrDesc
                0x200014e8      0x200 CMakeFiles/STM32_Project.elf.dir/USB_DEVICE/App/usbd_desc.c.obj
                0x200014e8                USBD_StrDesc
 .bss.hpcd_USB_FS
                0x200016e8      0x2ec CMakeFiles/STM32_Project.elf.dir/USB_DEVICE/Target/usbd_conf.c.obj
                0x200016e8                hpcd_USB_FS
 .bss.mem.0     0x200019d4      0x220 CMakeFiles/STM32_Project.elf.dir/USB_DEVICE/Target/usbd_conf.c.obj
 .bss.__lock___atexit_recursive_mutex
                0x20001bf4        0x1 c:/progra~1/stmicr~1/gcc-ar~1/bin/../lib/gcc/arm-none-eabi/10.3.1/../../../../arm-none-eabi/lib/thumb/v7-m/nofp\libg.a(lib_a-lock.o)
                0x20001bf4                __lock___atexit_recursive_mutex
 *(COMMON)
                0x20001bf8                . = ALIGN (0x4)
 *fill*         0x20001bf5        0x3 
                0x20001bf8                _ebss = .
                0x20001bf8                __bss_end__ = _ebss

._user_heap_stack
                0x20001bf8      0x600 load address 0x0800680c
                0x20001bf8                . = ALIGN (0x8)
                [!provide]                PROVIDE (end = .)
                0x20001bf8                PROVIDE (_end = .)
                0x20001df8                . = (. + _Min_Heap_Size)
 *fill*         0x20001bf8      0x200 
                0x200021f8                . = (. + _Min_Stack_Size)
 *fill*         0x20001df8      0x400 
                0x200021f8                . = ALIGN (0x8)

/DISCARD/
 libc.a(*)
 libm.a(*)
 libgcc.a(*)

.ARM.attributes
                0x00000000       0x29
 *(.ARM.attributes)
 .ARM.attributes
                0x00000000       0x1d c:/progra~1/stmicr~1/gcc-ar~1/bin/../lib/gcc/arm-none-eabi/10.3.1/thumb/v7-m/nofp/crti.o
 .ARM.attributes
                0x0000001d       0x2d c:/progra~1/stmicr~1/gcc-ar~1/bin/../lib/gcc/arm-none-eabi/10.3.1/thumb/v7-m/nofp/crtbegin.o
 .ARM.attributes
                0x0000004a       0x2d CMakeFiles/STM32_Project.elf.dir/Core/Src/gpio.c.obj
 .ARM.attributes
                0x00000077       0x2d CMakeFiles/STM32_Project.elf.dir/Core/Src/i2c.c.obj
 .ARM.attributes
                0x000000a4       0x2d CMakeFiles/STM32_Project.elf.dir/Core/Src/main.c.obj
 .ARM.attributes
                0x000000d1       0x2d CMakeFiles/STM32_Project.elf.dir/Core/Src/stm32f1xx_hal_msp.c.obj
 .ARM.attributes
                0x000000fe       0x2d CMakeFiles/STM32_Project.elf.dir/Core/Src/stm32f1xx_it.c.obj
 .ARM.attributes
                0x0000012b       0x2d CMakeFiles/STM32_Project.elf.dir/Core/Src/system_stm32f1xx.c.obj
 .ARM.attributes
                0x00000158       0x21 CMakeFiles/STM32_Project.elf.dir/Core/Startup/startup_stm32f103c6tx.s.obj
 .ARM.attributes
                0x00000179       0x2d CMakeFiles/STM32_Project.elf.dir/Drivers/OLED/oled.c.obj
 .ARM.attributes
                0x000001a6       0x2d CMakeFiles/STM32_Project.elf.dir/Drivers/STM32F1xx_HAL_Driver/Src/stm32f1xx_hal.c.obj
 .ARM.attributes
                0x000001d3       0x2d CMakeFiles/STM32_Project.elf.dir/Drivers/STM32F1xx_HAL_Driver/Src/stm32f1xx_hal_cortex.c.obj
 .ARM.attributes
                0x00000200       0x2d CMakeFiles/STM32_Project.elf.dir/Drivers/STM32F1xx_HAL_Driver/Src/stm32f1xx_hal_gpio.c.obj
 .ARM.attributes
                0x0000022d       0x2d CMakeFiles/STM32_Project.elf.dir/Drivers/STM32F1xx_HAL_Driver/Src/stm32f1xx_hal_i2c.c.obj
 .ARM.attributes
                0x0000025a       0x2d CMakeFiles/STM32_Project.elf.dir/Drivers/STM32F1xx_HAL_Driver/Src/stm32f1xx_hal_pcd.c.obj
 .ARM.attributes
                0x00000287       0x2d CMakeFiles/STM32_Project.elf.dir/Drivers/STM32F1xx_HAL_Driver/Src/stm32f1xx_hal_pcd_ex.c.obj
 .ARM.attributes
                0x000002b4       0x2d CMakeFiles/STM32_Project.elf.dir/Drivers/STM32F1xx_HAL_Driver/Src/stm32f1xx_hal_rcc.c.obj
 .ARM.attributes
                0x000002e1       0x2d CMakeFiles/STM32_Project.elf.dir/Drivers/STM32F1xx_HAL_Driver/Src/stm32f1xx_hal_rcc_ex.c.obj
 .ARM.attributes
                0x0000030e       0x2d CMakeFiles/STM32_Project.elf.dir/Drivers/STM32F1xx_HAL_Driver/Src/stm32f1xx_ll_usb.c.obj
 .ARM.attributes
                0x0000033b       0x2d CMakeFiles/STM32_Project.elf.dir/Middlewares/ST/STM32_USB_Device_Library/Class/CDC/Src/usbd_cdc.c.obj
 .ARM.attributes
                0x00000368       0x2d CMakeFiles/STM32_Project.elf.dir/Middlewares/ST/STM32_USB_Device_Library/Core/Src/usbd_core.c.obj
 .ARM.attributes
                0x00000395       0x2d CMakeFiles/STM32_Project.elf.dir/Middlewares/ST/STM32_USB_Device_Library/Core/Src/usbd_ctlreq.c.obj
 .ARM.attributes
                0x000003c2       0x2d CMakeFiles/STM32_Project.elf.dir/Middlewares/ST/STM32_USB_Device_Library/Core/Src/usbd_ioreq.c.obj
 .ARM.attributes
                0x000003ef       0x2d CMakeFiles/STM32_Project.elf.dir/USB_DEVICE/App/usb_device.c.obj
 .ARM.attributes
                0x0000041c       0x2d CMakeFiles/STM32_Project.elf.dir/USB_DEVICE/App/usbd_cdc_if.c.obj
 .ARM.attributes
                0x00000449       0x2d CMakeFiles/STM32_Project.elf.dir/USB_DEVICE/App/usbd_desc.c.obj
 .ARM.attributes
                0x00000476       0x2d CMakeFiles/STM32_Project.elf.dir/USB_DEVICE/Target/usbd_conf.c.obj
 .ARM.attributes
                0x000004a3       0x2d c:/progra~1/stmicr~1/gcc-ar~1/bin/../lib/gcc/arm-none-eabi/10.3.1/../../../../arm-none-eabi/lib/thumb/v7-m/nofp\libg.a(lib_a-impure.o)
 .ARM.attributes
                0x000004d0       0x2d c:/progra~1/stmicr~1/gcc-ar~1/bin/../lib/gcc/arm-none-eabi/10.3.1/../../../../arm-none-eabi/lib/thumb/v7-m/nofp\libg.a(lib_a-init.o)
 .ARM.attributes
                0x000004fd       0x2d c:/progra~1/stmicr~1/gcc-ar~1/bin/../lib/gcc/arm-none-eabi/10.3.1/../../../../arm-none-eabi/lib/thumb/v7-m/nofp\libg.a(lib_a-memset.o)
 .ARM.attributes
                0x0000052a       0x2d c:/progra~1/stmicr~1/gcc-ar~1/bin/../lib/gcc/arm-none-eabi/10.3.1/../../../../arm-none-eabi/lib/thumb/v7-m/nofp\libg.a(lib_a-__call_atexit.o)
 .ARM.attributes
                0x00000557       0x2d c:/progra~1/stmicr~1/gcc-ar~1/bin/../lib/gcc/arm-none-eabi/10.3.1/../../../../arm-none-eabi/lib/thumb/v7-m/nofp\libg.a(lib_a-atexit.o)
 .ARM.attributes
                0x00000584       0x2d c:/progra~1/stmicr~1/gcc-ar~1/bin/../lib/gcc/arm-none-eabi/10.3.1/../../../../arm-none-eabi/lib/thumb/v7-m/nofp\libg.a(lib_a-fini.o)
 .ARM.attributes
                0x000005b1       0x2d c:/progra~1/stmicr~1/gcc-ar~1/bin/../lib/gcc/arm-none-eabi/10.3.1/../../../../arm-none-eabi/lib/thumb/v7-m/nofp\libg.a(lib_a-lock.o)
 .ARM.attributes
                0x000005de       0x2d c:/progra~1/stmicr~1/gcc-ar~1/bin/../lib/gcc/arm-none-eabi/10.3.1/../../../../arm-none-eabi/lib/thumb/v7-m/nofp\libg.a(lib_a-__atexit.o)
 .ARM.attributes
                0x0000060b       0x1d c:/progra~1/stmicr~1/gcc-ar~1/bin/../lib/gcc/arm-none-eabi/10.3.1/thumb/v7-m/nofp/crtn.o
OUTPUT(STM32_Project.elf elf32-littlearm)
LOAD linker stubs
LOAD c:/progra~1/stmicr~1/gcc-ar~1/bin/../lib/gcc/arm-none-eabi/10.3.1/../../../../arm-none-eabi/lib/thumb/v7-m/nofp\libc.a
LOAD c:/progra~1/stmicr~1/gcc-ar~1/bin/../lib/gcc/arm-none-eabi/10.3.1/../../../../arm-none-eabi/lib/thumb/v7-m/nofp\libm.a
LOAD c:/progra~1/stmicr~1/gcc-ar~1/bin/../lib/gcc/arm-none-eabi/10.3.1/thumb/v7-m/nofp\libgcc.a

.debug_info     0x00000000    0x138f6
 .debug_info    0x00000000      0x34b CMakeFiles/STM32_Project.elf.dir/Core/Src/gpio.c.obj
 .debug_info    0x0000034b      0x89f CMakeFiles/STM32_Project.elf.dir/Core/Src/i2c.c.obj
 .debug_info    0x00000bea      0x589 CMakeFiles/STM32_Project.elf.dir/Core/Src/main.c.obj
 .debug_info    0x00001173      0x211 CMakeFiles/STM32_Project.elf.dir/Core/Src/stm32f1xx_hal_msp.c.obj
 .debug_info    0x00001384      0x671 CMakeFiles/STM32_Project.elf.dir/Core/Src/stm32f1xx_it.c.obj
 .debug_info    0x000019f5      0x248 CMakeFiles/STM32_Project.elf.dir/Core/Src/system_stm32f1xx.c.obj
 .debug_info    0x00001c3d       0x22 CMakeFiles/STM32_Project.elf.dir/Core/Startup/startup_stm32f103c6tx.s.obj
 .debug_info    0x00001c5f      0xf3d CMakeFiles/STM32_Project.elf.dir/Drivers/OLED/oled.c.obj
 .debug_info    0x00002b9c      0x78a CMakeFiles/STM32_Project.elf.dir/Drivers/STM32F1xx_HAL_Driver/Src/stm32f1xx_hal.c.obj
 .debug_info    0x00003326      0xd6c CMakeFiles/STM32_Project.elf.dir/Drivers/STM32F1xx_HAL_Driver/Src/stm32f1xx_hal_cortex.c.obj
 .debug_info    0x00004092      0x66f CMakeFiles/STM32_Project.elf.dir/Drivers/STM32F1xx_HAL_Driver/Src/stm32f1xx_hal_gpio.c.obj
 .debug_info    0x00004701     0x3a6b CMakeFiles/STM32_Project.elf.dir/Drivers/STM32F1xx_HAL_Driver/Src/stm32f1xx_hal_i2c.c.obj
 .debug_info    0x0000816c     0x1b27 CMakeFiles/STM32_Project.elf.dir/Drivers/STM32F1xx_HAL_Driver/Src/stm32f1xx_hal_pcd.c.obj
 .debug_info    0x00009c93      0x737 CMakeFiles/STM32_Project.elf.dir/Drivers/STM32F1xx_HAL_Driver/Src/stm32f1xx_hal_pcd_ex.c.obj
 .debug_info    0x0000a3ca      0xa36 CMakeFiles/STM32_Project.elf.dir/Drivers/STM32F1xx_HAL_Driver/Src/stm32f1xx_hal_rcc.c.obj
 .debug_info    0x0000ae00      0x443 CMakeFiles/STM32_Project.elf.dir/Drivers/STM32F1xx_HAL_Driver/Src/stm32f1xx_hal_rcc_ex.c.obj
 .debug_info    0x0000b243     0x1cb2 CMakeFiles/STM32_Project.elf.dir/Drivers/STM32F1xx_HAL_Driver/Src/stm32f1xx_ll_usb.c.obj
 .debug_info    0x0000cef5     0x13a5 CMakeFiles/STM32_Project.elf.dir/Middlewares/ST/STM32_USB_Device_Library/Class/CDC/Src/usbd_cdc.c.obj
 .debug_info    0x0000e29a      0xd74 CMakeFiles/STM32_Project.elf.dir/Middlewares/ST/STM32_USB_Device_Library/Core/Src/usbd_core.c.obj
 .debug_info    0x0000f00e     0x1078 CMakeFiles/STM32_Project.elf.dir/Middlewares/ST/STM32_USB_Device_Library/Core/Src/usbd_ctlreq.c.obj
 .debug_info    0x00010086      0x7e9 CMakeFiles/STM32_Project.elf.dir/Middlewares/ST/STM32_USB_Device_Library/Core/Src/usbd_ioreq.c.obj
 .debug_info    0x0001086f      0x6af CMakeFiles/STM32_Project.elf.dir/USB_DEVICE/App/usb_device.c.obj
 .debug_info    0x00010f1e      0x89e CMakeFiles/STM32_Project.elf.dir/USB_DEVICE/App/usbd_cdc_if.c.obj
 .debug_info    0x000117bc      0x5eb CMakeFiles/STM32_Project.elf.dir/USB_DEVICE/App/usbd_desc.c.obj
 .debug_info    0x00011da7     0x1b4f CMakeFiles/STM32_Project.elf.dir/USB_DEVICE/Target/usbd_conf.c.obj

.debug_abbrev   0x00000000     0x3124
 .debug_abbrev  0x00000000      0x13c CMakeFiles/STM32_Project.elf.dir/Core/Src/gpio.c.obj
 .debug_abbrev  0x0000013c      0x1c1 CMakeFiles/STM32_Project.elf.dir/Core/Src/i2c.c.obj
 .debug_abbrev  0x000002fd      0x194 CMakeFiles/STM32_Project.elf.dir/Core/Src/main.c.obj
 .debug_abbrev  0x00000491       0xe5 CMakeFiles/STM32_Project.elf.dir/Core/Src/stm32f1xx_hal_msp.c.obj
 .debug_abbrev  0x00000576      0x176 CMakeFiles/STM32_Project.elf.dir/Core/Src/stm32f1xx_it.c.obj
 .debug_abbrev  0x000006ec      0x13e CMakeFiles/STM32_Project.elf.dir/Core/Src/system_stm32f1xx.c.obj
 .debug_abbrev  0x0000082a       0x12 CMakeFiles/STM32_Project.elf.dir/Core/Startup/startup_stm32f103c6tx.s.obj
 .debug_abbrev  0x0000083c      0x244 CMakeFiles/STM32_Project.elf.dir/Drivers/OLED/oled.c.obj
 .debug_abbrev  0x00000a80      0x1f4 CMakeFiles/STM32_Project.elf.dir/Drivers/STM32F1xx_HAL_Driver/Src/stm32f1xx_hal.c.obj
 .debug_abbrev  0x00000c74      0x341 CMakeFiles/STM32_Project.elf.dir/Drivers/STM32F1xx_HAL_Driver/Src/stm32f1xx_hal_cortex.c.obj
 .debug_abbrev  0x00000fb5      0x1e6 CMakeFiles/STM32_Project.elf.dir/Drivers/STM32F1xx_HAL_Driver/Src/stm32f1xx_hal_gpio.c.obj
 .debug_abbrev  0x0000119b      0x293 CMakeFiles/STM32_Project.elf.dir/Drivers/STM32F1xx_HAL_Driver/Src/stm32f1xx_hal_i2c.c.obj
 .debug_abbrev  0x0000142e      0x2bd CMakeFiles/STM32_Project.elf.dir/Drivers/STM32F1xx_HAL_Driver/Src/stm32f1xx_hal_pcd.c.obj
 .debug_abbrev  0x000016eb      0x193 CMakeFiles/STM32_Project.elf.dir/Drivers/STM32F1xx_HAL_Driver/Src/stm32f1xx_hal_pcd_ex.c.obj
 .debug_abbrev  0x0000187e      0x27a CMakeFiles/STM32_Project.elf.dir/Drivers/STM32F1xx_HAL_Driver/Src/stm32f1xx_hal_rcc.c.obj
 .debug_abbrev  0x00001af8      0x1d2 CMakeFiles/STM32_Project.elf.dir/Drivers/STM32F1xx_HAL_Driver/Src/stm32f1xx_hal_rcc_ex.c.obj
 .debug_abbrev  0x00001cca      0x21f CMakeFiles/STM32_Project.elf.dir/Drivers/STM32F1xx_HAL_Driver/Src/stm32f1xx_ll_usb.c.obj
 .debug_abbrev  0x00001ee9      0x2ee CMakeFiles/STM32_Project.elf.dir/Middlewares/ST/STM32_USB_Device_Library/Class/CDC/Src/usbd_cdc.c.obj
 .debug_abbrev  0x000021d7      0x24c CMakeFiles/STM32_Project.elf.dir/Middlewares/ST/STM32_USB_Device_Library/Core/Src/usbd_core.c.obj
 .debug_abbrev  0x00002423      0x2bf CMakeFiles/STM32_Project.elf.dir/Middlewares/ST/STM32_USB_Device_Library/Core/Src/usbd_ctlreq.c.obj
 .debug_abbrev  0x000026e2      0x17d CMakeFiles/STM32_Project.elf.dir/Middlewares/ST/STM32_USB_Device_Library/Core/Src/usbd_ioreq.c.obj
 .debug_abbrev  0x0000285f      0x18f CMakeFiles/STM32_Project.elf.dir/USB_DEVICE/App/usb_device.c.obj
 .debug_abbrev  0x000029ee      0x25e CMakeFiles/STM32_Project.elf.dir/USB_DEVICE/App/usbd_cdc_if.c.obj
 .debug_abbrev  0x00002c4c      0x1fe CMakeFiles/STM32_Project.elf.dir/USB_DEVICE/App/usbd_desc.c.obj
 .debug_abbrev  0x00002e4a      0x2da CMakeFiles/STM32_Project.elf.dir/USB_DEVICE/Target/usbd_conf.c.obj

.debug_aranges  0x00000000      0xd58
 .debug_aranges
                0x00000000       0x20 CMakeFiles/STM32_Project.elf.dir/Core/Src/gpio.c.obj
 .debug_aranges
                0x00000020       0x30 CMakeFiles/STM32_Project.elf.dir/Core/Src/i2c.c.obj
 .debug_aranges
                0x00000050       0x30 CMakeFiles/STM32_Project.elf.dir/Core/Src/main.c.obj
 .debug_aranges
                0x00000080       0x20 CMakeFiles/STM32_Project.elf.dir/Core/Src/stm32f1xx_hal_msp.c.obj
 .debug_aranges
                0x000000a0       0x68 CMakeFiles/STM32_Project.elf.dir/Core/Src/stm32f1xx_it.c.obj
 .debug_aranges
                0x00000108       0x28 CMakeFiles/STM32_Project.elf.dir/Core/Src/system_stm32f1xx.c.obj
 .debug_aranges
                0x00000130       0x28 CMakeFiles/STM32_Project.elf.dir/Core/Startup/startup_stm32f103c6tx.s.obj
 .debug_aranges
                0x00000158       0x80 CMakeFiles/STM32_Project.elf.dir/Drivers/OLED/oled.c.obj
 .debug_aranges
                0x000001d8       0xe0 CMakeFiles/STM32_Project.elf.dir/Drivers/STM32F1xx_HAL_Driver/Src/stm32f1xx_hal.c.obj
 .debug_aranges
                0x000002b8       0x90 CMakeFiles/STM32_Project.elf.dir/Drivers/STM32F1xx_HAL_Driver/Src/stm32f1xx_hal_cortex.c.obj
 .debug_aranges
                0x00000348       0x58 CMakeFiles/STM32_Project.elf.dir/Drivers/STM32F1xx_HAL_Driver/Src/stm32f1xx_hal_gpio.c.obj
 .debug_aranges
                0x000003a0      0x2a0 CMakeFiles/STM32_Project.elf.dir/Drivers/STM32F1xx_HAL_Driver/Src/stm32f1xx_hal_i2c.c.obj
 .debug_aranges
                0x00000640      0x138 CMakeFiles/STM32_Project.elf.dir/Drivers/STM32F1xx_HAL_Driver/Src/stm32f1xx_hal_pcd.c.obj
 .debug_aranges
                0x00000778       0x38 CMakeFiles/STM32_Project.elf.dir/Drivers/STM32F1xx_HAL_Driver/Src/stm32f1xx_hal_pcd_ex.c.obj
 .debug_aranges
                0x000007b0       0x90 CMakeFiles/STM32_Project.elf.dir/Drivers/STM32F1xx_HAL_Driver/Src/stm32f1xx_hal_rcc.c.obj
 .debug_aranges
                0x00000840       0x30 CMakeFiles/STM32_Project.elf.dir/Drivers/STM32F1xx_HAL_Driver/Src/stm32f1xx_hal_rcc_ex.c.obj
 .debug_aranges
                0x00000870       0xf0 CMakeFiles/STM32_Project.elf.dir/Drivers/STM32F1xx_HAL_Driver/Src/stm32f1xx_ll_usb.c.obj
 .debug_aranges
                0x00000960       0x90 CMakeFiles/STM32_Project.elf.dir/Middlewares/ST/STM32_USB_Device_Library/Class/CDC/Src/usbd_cdc.c.obj
 .debug_aranges
                0x000009f0       0xb8 CMakeFiles/STM32_Project.elf.dir/Middlewares/ST/STM32_USB_Device_Library/Core/Src/usbd_core.c.obj
 .debug_aranges
                0x00000aa8       0x88 CMakeFiles/STM32_Project.elf.dir/Middlewares/ST/STM32_USB_Device_Library/Core/Src/usbd_ctlreq.c.obj
 .debug_aranges
                0x00000b30       0x50 CMakeFiles/STM32_Project.elf.dir/Middlewares/ST/STM32_USB_Device_Library/Core/Src/usbd_ioreq.c.obj
 .debug_aranges
                0x00000b80       0x20 CMakeFiles/STM32_Project.elf.dir/USB_DEVICE/App/usb_device.c.obj
 .debug_aranges
                0x00000ba0       0x40 CMakeFiles/STM32_Project.elf.dir/USB_DEVICE/App/usbd_cdc_if.c.obj
 .debug_aranges
                0x00000be0       0x60 CMakeFiles/STM32_Project.elf.dir/USB_DEVICE/App/usbd_desc.c.obj
 .debug_aranges
                0x00000c40      0x118 CMakeFiles/STM32_Project.elf.dir/USB_DEVICE/Target/usbd_conf.c.obj

.debug_ranges   0x00000000     0x1068
 .debug_ranges  0x00000000       0x10 CMakeFiles/STM32_Project.elf.dir/Core/Src/gpio.c.obj
 .debug_ranges  0x00000010       0x20 CMakeFiles/STM32_Project.elf.dir/Core/Src/i2c.c.obj
 .debug_ranges  0x00000030       0x20 CMakeFiles/STM32_Project.elf.dir/Core/Src/main.c.obj
 .debug_ranges  0x00000050       0x10 CMakeFiles/STM32_Project.elf.dir/Core/Src/stm32f1xx_hal_msp.c.obj
 .debug_ranges  0x00000060       0x58 CMakeFiles/STM32_Project.elf.dir/Core/Src/stm32f1xx_it.c.obj
 .debug_ranges  0x000000b8       0x18 CMakeFiles/STM32_Project.elf.dir/Core/Src/system_stm32f1xx.c.obj
 .debug_ranges  0x000000d0       0x20 CMakeFiles/STM32_Project.elf.dir/Core/Startup/startup_stm32f103c6tx.s.obj
 .debug_ranges  0x000000f0       0xb8 CMakeFiles/STM32_Project.elf.dir/Drivers/OLED/oled.c.obj
 .debug_ranges  0x000001a8       0xd0 CMakeFiles/STM32_Project.elf.dir/Drivers/STM32F1xx_HAL_Driver/Src/stm32f1xx_hal.c.obj
 .debug_ranges  0x00000278       0xe0 CMakeFiles/STM32_Project.elf.dir/Drivers/STM32F1xx_HAL_Driver/Src/stm32f1xx_hal_cortex.c.obj
 .debug_ranges  0x00000358       0x48 CMakeFiles/STM32_Project.elf.dir/Drivers/STM32F1xx_HAL_Driver/Src/stm32f1xx_hal_gpio.c.obj
 .debug_ranges  0x000003a0      0x2a8 CMakeFiles/STM32_Project.elf.dir/Drivers/STM32F1xx_HAL_Driver/Src/stm32f1xx_hal_i2c.c.obj
 .debug_ranges  0x00000648      0x208 CMakeFiles/STM32_Project.elf.dir/Drivers/STM32F1xx_HAL_Driver/Src/stm32f1xx_hal_pcd.c.obj
 .debug_ranges  0x00000850       0x28 CMakeFiles/STM32_Project.elf.dir/Drivers/STM32F1xx_HAL_Driver/Src/stm32f1xx_hal_pcd_ex.c.obj
 .debug_ranges  0x00000878       0xa0 CMakeFiles/STM32_Project.elf.dir/Drivers/STM32F1xx_HAL_Driver/Src/stm32f1xx_hal_rcc.c.obj
 .debug_ranges  0x00000918       0x38 CMakeFiles/STM32_Project.elf.dir/Drivers/STM32F1xx_HAL_Driver/Src/stm32f1xx_hal_rcc_ex.c.obj
 .debug_ranges  0x00000950      0x3a0 CMakeFiles/STM32_Project.elf.dir/Drivers/STM32F1xx_HAL_Driver/Src/stm32f1xx_ll_usb.c.obj
 .debug_ranges  0x00000cf0       0x80 CMakeFiles/STM32_Project.elf.dir/Middlewares/ST/STM32_USB_Device_Library/Class/CDC/Src/usbd_cdc.c.obj
 .debug_ranges  0x00000d70       0xa8 CMakeFiles/STM32_Project.elf.dir/Middlewares/ST/STM32_USB_Device_Library/Core/Src/usbd_core.c.obj
 .debug_ranges  0x00000e18       0x78 CMakeFiles/STM32_Project.elf.dir/Middlewares/ST/STM32_USB_Device_Library/Core/Src/usbd_ctlreq.c.obj
 .debug_ranges  0x00000e90       0x40 CMakeFiles/STM32_Project.elf.dir/Middlewares/ST/STM32_USB_Device_Library/Core/Src/usbd_ioreq.c.obj
 .debug_ranges  0x00000ed0       0x10 CMakeFiles/STM32_Project.elf.dir/USB_DEVICE/App/usb_device.c.obj
 .debug_ranges  0x00000ee0       0x30 CMakeFiles/STM32_Project.elf.dir/USB_DEVICE/App/usbd_cdc_if.c.obj
 .debug_ranges  0x00000f10       0x50 CMakeFiles/STM32_Project.elf.dir/USB_DEVICE/App/usbd_desc.c.obj
 .debug_ranges  0x00000f60      0x108 CMakeFiles/STM32_Project.elf.dir/USB_DEVICE/Target/usbd_conf.c.obj

.debug_line     0x00000000     0xf85c
 .debug_line    0x00000000      0x247 CMakeFiles/STM32_Project.elf.dir/Core/Src/gpio.c.obj
 .debug_line    0x00000247      0x35f CMakeFiles/STM32_Project.elf.dir/Core/Src/i2c.c.obj
 .debug_line    0x000005a6      0x49e CMakeFiles/STM32_Project.elf.dir/Core/Src/main.c.obj
 .debug_line    0x00000a44      0x198 CMakeFiles/STM32_Project.elf.dir/Core/Src/stm32f1xx_hal_msp.c.obj
 .debug_line    0x00000bdc      0x337 CMakeFiles/STM32_Project.elf.dir/Core/Src/stm32f1xx_it.c.obj
 .debug_line    0x00000f13      0x262 CMakeFiles/STM32_Project.elf.dir/Core/Src/system_stm32f1xx.c.obj
 .debug_line    0x00001175       0xb5 CMakeFiles/STM32_Project.elf.dir/Core/Startup/startup_stm32f103c6tx.s.obj
 .debug_line    0x0000122a      0x6f2 CMakeFiles/STM32_Project.elf.dir/Drivers/OLED/oled.c.obj
 .debug_line    0x0000191c      0x5ac CMakeFiles/STM32_Project.elf.dir/Drivers/STM32F1xx_HAL_Driver/Src/stm32f1xx_hal.c.obj
 .debug_line    0x00001ec8      0x686 CMakeFiles/STM32_Project.elf.dir/Drivers/STM32F1xx_HAL_Driver/Src/stm32f1xx_hal_cortex.c.obj
 .debug_line    0x0000254e      0x619 CMakeFiles/STM32_Project.elf.dir/Drivers/STM32F1xx_HAL_Driver/Src/stm32f1xx_hal_gpio.c.obj
 .debug_line    0x00002b67     0x5598 CMakeFiles/STM32_Project.elf.dir/Drivers/STM32F1xx_HAL_Driver/Src/stm32f1xx_hal_i2c.c.obj
 .debug_line    0x000080ff     0x190a CMakeFiles/STM32_Project.elf.dir/Drivers/STM32F1xx_HAL_Driver/Src/stm32f1xx_hal_pcd.c.obj
 .debug_line    0x00009a09      0x2e0 CMakeFiles/STM32_Project.elf.dir/Drivers/STM32F1xx_HAL_Driver/Src/stm32f1xx_hal_pcd_ex.c.obj
 .debug_line    0x00009ce9      0xc79 CMakeFiles/STM32_Project.elf.dir/Drivers/STM32F1xx_HAL_Driver/Src/stm32f1xx_hal_rcc.c.obj
 .debug_line    0x0000a962      0x4eb CMakeFiles/STM32_Project.elf.dir/Drivers/STM32F1xx_HAL_Driver/Src/stm32f1xx_hal_rcc_ex.c.obj
 .debug_line    0x0000ae4d     0x1ae9 CMakeFiles/STM32_Project.elf.dir/Drivers/STM32F1xx_HAL_Driver/Src/stm32f1xx_ll_usb.c.obj
 .debug_line    0x0000c936      0x89b CMakeFiles/STM32_Project.elf.dir/Middlewares/ST/STM32_USB_Device_Library/Class/CDC/Src/usbd_cdc.c.obj
 .debug_line    0x0000d1d1      0x749 CMakeFiles/STM32_Project.elf.dir/Middlewares/ST/STM32_USB_Device_Library/Core/Src/usbd_core.c.obj
 .debug_line    0x0000d91a      0xb31 CMakeFiles/STM32_Project.elf.dir/Middlewares/ST/STM32_USB_Device_Library/Core/Src/usbd_ctlreq.c.obj
 .debug_line    0x0000e44b      0x2c0 CMakeFiles/STM32_Project.elf.dir/Middlewares/ST/STM32_USB_Device_Library/Core/Src/usbd_ioreq.c.obj
 .debug_line    0x0000e70b      0x2a7 CMakeFiles/STM32_Project.elf.dir/USB_DEVICE/App/usb_device.c.obj
 .debug_line    0x0000e9b2      0x2af CMakeFiles/STM32_Project.elf.dir/USB_DEVICE/App/usbd_cdc_if.c.obj
 .debug_line    0x0000ec61      0x397 CMakeFiles/STM32_Project.elf.dir/USB_DEVICE/App/usbd_desc.c.obj
 .debug_line    0x0000eff8      0x864 CMakeFiles/STM32_Project.elf.dir/USB_DEVICE/Target/usbd_conf.c.obj

.debug_str      0x00000000     0x3f01
 .debug_str     0x00000000      0x286 CMakeFiles/STM32_Project.elf.dir/Core/Src/gpio.c.obj
                                0x2d7 (size before relaxing)
 .debug_str     0x00000286      0x4ef CMakeFiles/STM32_Project.elf.dir/Core/Src/i2c.c.obj
                                0x78e (size before relaxing)
 .debug_str     0x00000775      0x2aa CMakeFiles/STM32_Project.elf.dir/Core/Src/main.c.obj
                                0x508 (size before relaxing)
 .debug_str     0x00000a1f       0x88 CMakeFiles/STM32_Project.elf.dir/Core/Src/stm32f1xx_hal_msp.c.obj
                                0x279 (size before relaxing)
 .debug_str     0x00000aa7      0x404 CMakeFiles/STM32_Project.elf.dir/Core/Src/stm32f1xx_it.c.obj
                                0x63b (size before relaxing)
 .debug_str     0x00000eab       0xac CMakeFiles/STM32_Project.elf.dir/Core/Src/system_stm32f1xx.c.obj
                                0x2ae (size before relaxing)
 .debug_str     0x00000f57       0x64 CMakeFiles/STM32_Project.elf.dir/Core/Startup/startup_stm32f103c6tx.s.obj
                                 0xa7 (size before relaxing)
 .debug_str     0x00000fbb      0x185 CMakeFiles/STM32_Project.elf.dir/Drivers/OLED/oled.c.obj
                                0x820 (size before relaxing)
 .debug_str     0x00001140      0x5d0 CMakeFiles/STM32_Project.elf.dir/Drivers/STM32F1xx_HAL_Driver/Src/stm32f1xx_hal.c.obj
                                0x844 (size before relaxing)
 .debug_str     0x00001710      0x3cb CMakeFiles/STM32_Project.elf.dir/Drivers/STM32F1xx_HAL_Driver/Src/stm32f1xx_hal_cortex.c.obj
                                0x8f3 (size before relaxing)
 .debug_str     0x00001adb      0x135 CMakeFiles/STM32_Project.elf.dir/Drivers/STM32F1xx_HAL_Driver/Src/stm32f1xx_hal_gpio.c.obj
                                0x45a (size before relaxing)
 .debug_str     0x00001c10      0x8f3 CMakeFiles/STM32_Project.elf.dir/Drivers/STM32F1xx_HAL_Driver/Src/stm32f1xx_hal_i2c.c.obj
                               0x1012 (size before relaxing)
 .debug_str     0x00002503      0x58f CMakeFiles/STM32_Project.elf.dir/Drivers/STM32F1xx_HAL_Driver/Src/stm32f1xx_hal_pcd.c.obj
                                0xb28 (size before relaxing)
 .debug_str     0x00002a92      0x19e CMakeFiles/STM32_Project.elf.dir/Drivers/STM32F1xx_HAL_Driver/Src/stm32f1xx_hal_pcd_ex.c.obj
                                0x722 (size before relaxing)
 .debug_str     0x00002c30      0x202 CMakeFiles/STM32_Project.elf.dir/Drivers/STM32F1xx_HAL_Driver/Src/stm32f1xx_hal_rcc.c.obj
                                0x685 (size before relaxing)
 .debug_str     0x00002e32       0xcd CMakeFiles/STM32_Project.elf.dir/Drivers/STM32F1xx_HAL_Driver/Src/stm32f1xx_hal_rcc_ex.c.obj
                                0x42d (size before relaxing)
 .debug_str     0x00002eff      0x167 CMakeFiles/STM32_Project.elf.dir/Drivers/STM32F1xx_HAL_Driver/Src/stm32f1xx_ll_usb.c.obj
                                0x755 (size before relaxing)
 .debug_str     0x00003066      0x68d CMakeFiles/STM32_Project.elf.dir/Middlewares/ST/STM32_USB_Device_Library/Class/CDC/Src/usbd_cdc.c.obj
                                0xc60 (size before relaxing)
 .debug_str     0x000036f3      0x2ce CMakeFiles/STM32_Project.elf.dir/Middlewares/ST/STM32_USB_Device_Library/Core/Src/usbd_core.c.obj
                                0x88b (size before relaxing)
 .debug_str     0x000039c1      0x14e CMakeFiles/STM32_Project.elf.dir/Middlewares/ST/STM32_USB_Device_Library/Core/Src/usbd_ctlreq.c.obj
                                0x7a5 (size before relaxing)
 .debug_str     0x00003b0f       0x7f CMakeFiles/STM32_Project.elf.dir/Middlewares/ST/STM32_USB_Device_Library/Core/Src/usbd_ioreq.c.obj
                                0x6d2 (size before relaxing)
 .debug_str     0x00003b8e       0x79 CMakeFiles/STM32_Project.elf.dir/USB_DEVICE/App/usb_device.c.obj
                                0x6a0 (size before relaxing)
 .debug_str     0x00003c07       0xbb CMakeFiles/STM32_Project.elf.dir/USB_DEVICE/App/usbd_cdc_if.c.obj
                                0x767 (size before relaxing)
 .debug_str     0x00003cc2      0x19e CMakeFiles/STM32_Project.elf.dir/USB_DEVICE/App/usbd_desc.c.obj
                                0x4ab (size before relaxing)
 .debug_str     0x00003e60       0xa1 CMakeFiles/STM32_Project.elf.dir/USB_DEVICE/Target/usbd_conf.c.obj
                               0x11bc (size before relaxing)

.comment        0x00000000       0x49
 .comment       0x00000000       0x49 CMakeFiles/STM32_Project.elf.dir/Core/Src/gpio.c.obj
                                 0x4a (size before relaxing)
 .comment       0x00000049       0x4a CMakeFiles/STM32_Project.elf.dir/Core/Src/i2c.c.obj
 .comment       0x00000049       0x4a CMakeFiles/STM32_Project.elf.dir/Core/Src/main.c.obj
 .comment       0x00000049       0x4a CMakeFiles/STM32_Project.elf.dir/Core/Src/stm32f1xx_hal_msp.c.obj
 .comment       0x00000049       0x4a CMakeFiles/STM32_Project.elf.dir/Core/Src/stm32f1xx_it.c.obj
 .comment       0x00000049       0x4a CMakeFiles/STM32_Project.elf.dir/Core/Src/system_stm32f1xx.c.obj
 .comment       0x00000049       0x4a CMakeFiles/STM32_Project.elf.dir/Drivers/OLED/oled.c.obj
 .comment       0x00000049       0x4a CMakeFiles/STM32_Project.elf.dir/Drivers/STM32F1xx_HAL_Driver/Src/stm32f1xx_hal.c.obj
 .comment       0x00000049       0x4a CMakeFiles/STM32_Project.elf.dir/Drivers/STM32F1xx_HAL_Driver/Src/stm32f1xx_hal_cortex.c.obj
 .comment       0x00000049       0x4a CMakeFiles/STM32_Project.elf.dir/Drivers/STM32F1xx_HAL_Driver/Src/stm32f1xx_hal_gpio.c.obj
 .comment       0x00000049       0x4a CMakeFiles/STM32_Project.elf.dir/Drivers/STM32F1xx_HAL_Driver/Src/stm32f1xx_hal_i2c.c.obj
 .comment       0x00000049       0x4a CMakeFiles/STM32_Project.elf.dir/Drivers/STM32F1xx_HAL_Driver/Src/stm32f1xx_hal_pcd.c.obj
 .comment       0x00000049       0x4a CMakeFiles/STM32_Project.elf.dir/Drivers/STM32F1xx_HAL_Driver/Src/stm32f1xx_hal_pcd_ex.c.obj
 .comment       0x00000049       0x4a CMakeFiles/STM32_Project.elf.dir/Drivers/STM32F1xx_HAL_Driver/Src/stm32f1xx_hal_rcc.c.obj
 .comment       0x00000049       0x4a CMakeFiles/STM32_Project.elf.dir/Drivers/STM32F1xx_HAL_Driver/Src/stm32f1xx_hal_rcc_ex.c.obj
 .comment       0x00000049       0x4a CMakeFiles/STM32_Project.elf.dir/Drivers/STM32F1xx_HAL_Driver/Src/stm32f1xx_ll_usb.c.obj
 .comment       0x00000049       0x4a CMakeFiles/STM32_Project.elf.dir/Middlewares/ST/STM32_USB_Device_Library/Class/CDC/Src/usbd_cdc.c.obj
 .comment       0x00000049       0x4a CMakeFiles/STM32_Project.elf.dir/Middlewares/ST/STM32_USB_Device_Library/Core/Src/usbd_core.c.obj
 .comment       0x00000049       0x4a CMakeFiles/STM32_Project.elf.dir/Middlewares/ST/STM32_USB_Device_Library/Core/Src/usbd_ctlreq.c.obj
 .comment       0x00000049       0x4a CMakeFiles/STM32_Project.elf.dir/Middlewares/ST/STM32_USB_Device_Library/Core/Src/usbd_ioreq.c.obj
 .comment       0x00000049       0x4a CMakeFiles/STM32_Project.elf.dir/USB_DEVICE/App/usb_device.c.obj
 .comment       0x00000049       0x4a CMakeFiles/STM32_Project.elf.dir/USB_DEVICE/App/usbd_cdc_if.c.obj
 .comment       0x00000049       0x4a CMakeFiles/STM32_Project.elf.dir/USB_DEVICE/App/usbd_desc.c.obj
 .comment       0x00000049       0x4a CMakeFiles/STM32_Project.elf.dir/USB_DEVICE/Target/usbd_conf.c.obj

.debug_frame    0x00000000     0x23e8
 .debug_frame   0x00000000       0x34 CMakeFiles/STM32_Project.elf.dir/Core/Src/gpio.c.obj
 .debug_frame   0x00000034       0x60 CMakeFiles/STM32_Project.elf.dir/Core/Src/i2c.c.obj
 .debug_frame   0x00000094       0x60 CMakeFiles/STM32_Project.elf.dir/Core/Src/main.c.obj
 .debug_frame   0x000000f4       0x28 CMakeFiles/STM32_Project.elf.dir/Core/Src/stm32f1xx_hal_msp.c.obj
 .debug_frame   0x0000011c       0xc0 CMakeFiles/STM32_Project.elf.dir/Core/Src/stm32f1xx_it.c.obj
 .debug_frame   0x000001dc       0x30 CMakeFiles/STM32_Project.elf.dir/Core/Src/system_stm32f1xx.c.obj
 .debug_frame   0x0000020c      0x174 CMakeFiles/STM32_Project.elf.dir/Drivers/OLED/oled.c.obj
 .debug_frame   0x00000380      0x1cc CMakeFiles/STM32_Project.elf.dir/Drivers/STM32F1xx_HAL_Driver/Src/stm32f1xx_hal.c.obj
 .debug_frame   0x0000054c      0x118 CMakeFiles/STM32_Project.elf.dir/Drivers/STM32F1xx_HAL_Driver/Src/stm32f1xx_hal_cortex.c.obj
 .debug_frame   0x00000664       0xe4 CMakeFiles/STM32_Project.elf.dir/Drivers/STM32F1xx_HAL_Driver/Src/stm32f1xx_hal_gpio.c.obj
 .debug_frame   0x00000748      0x970 CMakeFiles/STM32_Project.elf.dir/Drivers/STM32F1xx_HAL_Driver/Src/stm32f1xx_hal_i2c.c.obj
 .debug_frame   0x000010b8      0x344 CMakeFiles/STM32_Project.elf.dir/Drivers/STM32F1xx_HAL_Driver/Src/stm32f1xx_hal_pcd.c.obj
 .debug_frame   0x000013fc       0x50 CMakeFiles/STM32_Project.elf.dir/Drivers/STM32F1xx_HAL_Driver/Src/stm32f1xx_hal_pcd_ex.c.obj
 .debug_frame   0x0000144c      0x190 CMakeFiles/STM32_Project.elf.dir/Drivers/STM32F1xx_HAL_Driver/Src/stm32f1xx_hal_rcc.c.obj
 .debug_frame   0x000015dc       0x64 CMakeFiles/STM32_Project.elf.dir/Drivers/STM32F1xx_HAL_Driver/Src/stm32f1xx_hal_rcc_ex.c.obj
 .debug_frame   0x00001640      0x1fc CMakeFiles/STM32_Project.elf.dir/Drivers/STM32F1xx_HAL_Driver/Src/stm32f1xx_ll_usb.c.obj
 .debug_frame   0x0000183c      0x160 CMakeFiles/STM32_Project.elf.dir/Middlewares/ST/STM32_USB_Device_Library/Class/CDC/Src/usbd_cdc.c.obj
 .debug_frame   0x0000199c      0x1c4 CMakeFiles/STM32_Project.elf.dir/Middlewares/ST/STM32_USB_Device_Library/Core/Src/usbd_core.c.obj
 .debug_frame   0x00001b60      0x178 CMakeFiles/STM32_Project.elf.dir/Middlewares/ST/STM32_USB_Device_Library/Core/Src/usbd_ctlreq.c.obj
 .debug_frame   0x00001cd8       0xb8 CMakeFiles/STM32_Project.elf.dir/Middlewares/ST/STM32_USB_Device_Library/Core/Src/usbd_ioreq.c.obj
 .debug_frame   0x00001d90       0x28 CMakeFiles/STM32_Project.elf.dir/USB_DEVICE/App/usb_device.c.obj
 .debug_frame   0x00001db8       0x78 CMakeFiles/STM32_Project.elf.dir/USB_DEVICE/App/usbd_cdc_if.c.obj
 .debug_frame   0x00001e30       0xe0 CMakeFiles/STM32_Project.elf.dir/USB_DEVICE/App/usbd_desc.c.obj
 .debug_frame   0x00001f10      0x2ec CMakeFiles/STM32_Project.elf.dir/USB_DEVICE/Target/usbd_conf.c.obj
 .debug_frame   0x000021fc       0x2c c:/progra~1/stmicr~1/gcc-ar~1/bin/../lib/gcc/arm-none-eabi/10.3.1/../../../../arm-none-eabi/lib/thumb/v7-m/nofp\libg.a(lib_a-init.o)
 .debug_frame   0x00002228       0x2c c:/progra~1/stmicr~1/gcc-ar~1/bin/../lib/gcc/arm-none-eabi/10.3.1/../../../../arm-none-eabi/lib/thumb/v7-m/nofp\libg.a(lib_a-memset.o)
 .debug_frame   0x00002254       0x5c c:/progra~1/stmicr~1/gcc-ar~1/bin/../lib/gcc/arm-none-eabi/10.3.1/../../../../arm-none-eabi/lib/thumb/v7-m/nofp\libg.a(lib_a-__call_atexit.o)
 .debug_frame   0x000022b0       0x20 c:/progra~1/stmicr~1/gcc-ar~1/bin/../lib/gcc/arm-none-eabi/10.3.1/../../../../arm-none-eabi/lib/thumb/v7-m/nofp\libg.a(lib_a-atexit.o)
 .debug_frame   0x000022d0       0x34 c:/progra~1/stmicr~1/gcc-ar~1/bin/../lib/gcc/arm-none-eabi/10.3.1/../../../../arm-none-eabi/lib/thumb/v7-m/nofp\libg.a(lib_a-fini.o)
 .debug_frame   0x00002304       0xb0 c:/progra~1/stmicr~1/gcc-ar~1/bin/../lib/gcc/arm-none-eabi/10.3.1/../../../../arm-none-eabi/lib/thumb/v7-m/nofp\libg.a(lib_a-lock.o)
 .debug_frame   0x000023b4       0x34 c:/progra~1/stmicr~1/gcc-ar~1/bin/../lib/gcc/arm-none-eabi/10.3.1/../../../../arm-none-eabi/lib/thumb/v7-m/nofp\libg.a(lib_a-__atexit.o)

.debug_loc      0x00000000     0xcc1f
 .debug_loc     0x00000000       0x67 CMakeFiles/STM32_Project.elf.dir/Core/Src/i2c.c.obj
 .debug_loc     0x00000067       0x15 CMakeFiles/STM32_Project.elf.dir/Core/Src/stm32f1xx_hal_msp.c.obj
 .debug_loc     0x0000007c       0xff CMakeFiles/STM32_Project.elf.dir/Core/Src/system_stm32f1xx.c.obj
 .debug_loc     0x0000017b      0x738 CMakeFiles/STM32_Project.elf.dir/Drivers/OLED/oled.c.obj
 .debug_loc     0x000008b3      0x141 CMakeFiles/STM32_Project.elf.dir/Drivers/STM32F1xx_HAL_Driver/Src/stm32f1xx_hal.c.obj
 .debug_loc     0x000009f4      0x71f CMakeFiles/STM32_Project.elf.dir/Drivers/STM32F1xx_HAL_Driver/Src/stm32f1xx_hal_cortex.c.obj
 .debug_loc     0x00001113      0x43d CMakeFiles/STM32_Project.elf.dir/Drivers/STM32F1xx_HAL_Driver/Src/stm32f1xx_hal_gpio.c.obj
 .debug_loc     0x00001550     0x41a9 CMakeFiles/STM32_Project.elf.dir/Drivers/STM32F1xx_HAL_Driver/Src/stm32f1xx_hal_i2c.c.obj
 .debug_loc     0x000056f9     0x148f CMakeFiles/STM32_Project.elf.dir/Drivers/STM32F1xx_HAL_Driver/Src/stm32f1xx_hal_pcd.c.obj
 .debug_loc     0x00006b88      0x11a CMakeFiles/STM32_Project.elf.dir/Drivers/STM32F1xx_HAL_Driver/Src/stm32f1xx_hal_pcd_ex.c.obj
 .debug_loc     0x00006ca2      0x63e CMakeFiles/STM32_Project.elf.dir/Drivers/STM32F1xx_HAL_Driver/Src/stm32f1xx_hal_rcc.c.obj
 .debug_loc     0x000072e0      0x3c8 CMakeFiles/STM32_Project.elf.dir/Drivers/STM32F1xx_HAL_Driver/Src/stm32f1xx_hal_rcc_ex.c.obj
 .debug_loc     0x000076a8     0x1c2e CMakeFiles/STM32_Project.elf.dir/Drivers/STM32F1xx_HAL_Driver/Src/stm32f1xx_ll_usb.c.obj
 .debug_loc     0x000092d6      0x8df CMakeFiles/STM32_Project.elf.dir/Middlewares/ST/STM32_USB_Device_Library/Class/CDC/Src/usbd_cdc.c.obj
 .debug_loc     0x00009bb5      0x96a CMakeFiles/STM32_Project.elf.dir/Middlewares/ST/STM32_USB_Device_Library/Core/Src/usbd_core.c.obj
 .debug_loc     0x0000a51f     0x1481 CMakeFiles/STM32_Project.elf.dir/Middlewares/ST/STM32_USB_Device_Library/Core/Src/usbd_ctlreq.c.obj
 .debug_loc     0x0000b9a0      0x284 CMakeFiles/STM32_Project.elf.dir/Middlewares/ST/STM32_USB_Device_Library/Core/Src/usbd_ioreq.c.obj
 .debug_loc     0x0000bc24      0x137 CMakeFiles/STM32_Project.elf.dir/USB_DEVICE/App/usbd_cdc_if.c.obj
 .debug_loc     0x0000bd5b      0x38f CMakeFiles/STM32_Project.elf.dir/USB_DEVICE/App/usbd_desc.c.obj
 .debug_loc     0x0000c0ea      0xb35 CMakeFiles/STM32_Project.elf.dir/USB_DEVICE/Target/usbd_conf.c.obj
